Line starts with Hash #Project-Name,SHA,Module,Test-Name,Boundary-Point(s),Anywhere-of-method(1)/Part-of-method(0),#Boundary-Point,Reaches-to-end(TRUE/FALSE)
com.github.davidmoten.rx2.Flowables$4#306
800
Cloning into '/home/java8-flakesync/scripts/projects/davidmoten/rxjava2-extras'...
Note: checking out '7663d3b19295f12c35f80594efa1e507e98650b1'.

You are in 'detached HEAD' state. You can look around, make experimental
changes and commit them, and you can discard any commits you make in this
state without impacting any branches by performing another checkout.

If you want to create a new branch to retain commits you create, you may
do so (now or later) by using -b with the checkout command again. Example:

  git checkout -b <new-branch-name>

HEAD is now at 7663d3b Bump guava from 32.1.0-jre to 32.1.1-jre
/home/java8-flakesync/scripts/projects/davidmoten/rxjava2-extras
[[1;34mINFO[m] Scanning for projects...
[[1;33mWARNING[m] 
[[1;33mWARNING[m] Some problems were encountered while building the effective model for com.github.davidmoten:rxjava2-extras:jar:0.2.3-SNAPSHOT
[[1;33mWARNING[m] 'build.plugins.plugin.(groupId:artifactId)' must be unique but found duplicate declaration of plugin org.apache.maven.plugins:maven-surefire-plugin @ line 291, column 17
[[1;33mWARNING[m] 
[[1;33mWARNING[m] It is highly recommended to fix these problems because they threaten the stability of your build.
[[1;33mWARNING[m] 
[[1;33mWARNING[m] For this reason, future Maven versions might no longer support building such malformed projects.
[[1;33mWARNING[m] 
[[1;34mINFO[m] Inspecting build with total of 1 modules...
[[1;34mINFO[m] Installing Nexus Staging features:
[[1;34mINFO[m]   ... total of 1 executions of maven-deploy-plugin replaced with nexus-staging-maven-plugin
[[1;34mINFO[m] 
[[1;34mINFO[m] [1m----------------< [0;36mcom.github.davidmoten:rxjava2-extras[0;1m >----------------[m
[[1;34mINFO[m] [1mBuilding rxjava2-extras 0.2.3-SNAPSHOT[m
[[1;34mINFO[m] [1m--------------------------------[ jar ]---------------------------------[m
[[1;34mINFO[m] 
[[1;34mINFO[m] [1m--- [0;32mmaven-clean-plugin:2.5:clean[m [1m(default-clean)[m @ [36mrxjava2-extras[0;1m ---[m
[[1;34mINFO[m] 
[[1;34mINFO[m] [1m--- [0;32mjacoco-maven-plugin:0.8.10:prepare-agent[m [1m(prepare-agent)[m @ [36mrxjava2-extras[0;1m ---[m
[[1;34mINFO[m] argLine set to -javaagent:/home/java8-flakesync/.m2/repository/org/jacoco/org.jacoco.agent/0.8.10/org.jacoco.agent-0.8.10-runtime.jar=destfile=/home/java8-flakesync/scripts/projects/davidmoten/rxjava2-extras/target/jacoco.exec
[[1;34mINFO[m] 
[[1;34mINFO[m] [1m--- [0;32mmaven-resources-plugin:2.6:resources[m [1m(default-resources)[m @ [36mrxjava2-extras[0;1m ---[m
[[1;34mINFO[m] Using 'UTF-8' encoding to copy filtered resources.
[[1;34mINFO[m] skip non existing resourceDirectory /home/java8-flakesync/scripts/projects/davidmoten/rxjava2-extras/src/main/resources
[[1;34mINFO[m] 
[[1;34mINFO[m] [1m--- [0;32mmaven-compiler-plugin:3.11.0:compile[m [1m(default-compile)[m @ [36mrxjava2-extras[0;1m ---[m
[[1;34mINFO[m] Changes detected - recompiling the module! :source
[[1;34mINFO[m] Compiling 70 source files with javac [debug target 1.8] to target/classes
[[1;33mWARNING[m] /home/java8-flakesync/scripts/projects/davidmoten/rxjava2-extras/src/main/java/com/github/davidmoten/rx2/internal/flowable/buffertofile/MemoryMappedFile.java:[11,16] sun.misc.Unsafe is internal proprietary API and may be removed in a future release
[[1;33mWARNING[m] /home/java8-flakesync/scripts/projects/davidmoten/rxjava2-extras/src/main/java/com/github/davidmoten/rx2/internal/flowable/buffertofile/MemoryMappedFile.java:[12,18] sun.nio.ch.FileChannelImpl is internal proprietary API and may be removed in a future release
[[1;33mWARNING[m] /home/java8-flakesync/scripts/projects/davidmoten/rxjava2-extras/src/main/java/com/github/davidmoten/rx2/internal/flowable/buffertofile/UnsafeAccess.java:[5,16] sun.misc.Unsafe is internal proprietary API and may be removed in a future release
[[1;33mWARNING[m] /home/java8-flakesync/scripts/projects/davidmoten/rxjava2-extras/src/main/java/com/github/davidmoten/rx2/internal/flowable/buffertofile/MemoryMappedFile.java:[17,26] sun.misc.Unsafe is internal proprietary API and may be removed in a future release
[[1;33mWARNING[m] /home/java8-flakesync/scripts/projects/davidmoten/rxjava2-extras/src/main/java/com/github/davidmoten/rx2/internal/flowable/buffertofile/MemoryMappedFile.java:[28,26] sun.nio.ch.FileChannelImpl is internal proprietary API and may be removed in a future release
[[1;33mWARNING[m] /home/java8-flakesync/scripts/projects/davidmoten/rxjava2-extras/src/main/java/com/github/davidmoten/rx2/internal/flowable/buffertofile/MemoryMappedFile.java:[29,28] sun.nio.ch.FileChannelImpl is internal proprietary API and may be removed in a future release
[[1;33mWARNING[m] /home/java8-flakesync/scripts/projects/davidmoten/rxjava2-extras/src/main/java/com/github/davidmoten/rx2/internal/flowable/buffertofile/UnsafeAccess.java:[14,20] sun.misc.Unsafe is internal proprietary API and may be removed in a future release
[[1;33mWARNING[m] /home/java8-flakesync/scripts/projects/davidmoten/rxjava2-extras/src/main/java/com/github/davidmoten/rx2/internal/flowable/buffertofile/UnsafeAccess.java:[18,44] sun.misc.Unsafe is internal proprietary API and may be removed in a future release
[[1;33mWARNING[m] /home/java8-flakesync/scripts/projects/davidmoten/rxjava2-extras/src/main/java/com/github/davidmoten/rx2/internal/flowable/buffertofile/UnsafeAccess.java:[20,23] sun.misc.Unsafe is internal proprietary API and may be removed in a future release
[[1;33mWARNING[m] /home/java8-flakesync/scripts/projects/davidmoten/rxjava2-extras/src/main/java/com/github/davidmoten/rx2/internal/flowable/buffertofile/UnsafeAccess.java:[26,19] sun.misc.Unsafe is internal proprietary API and may be removed in a future release
[[1;34mINFO[m] /home/java8-flakesync/scripts/projects/davidmoten/rxjava2-extras/src/main/java/com/github/davidmoten/rx2/internal/flowable/TransformerStateMachine.java: /home/java8-flakesync/scripts/projects/davidmoten/rxjava2-extras/src/main/java/com/github/davidmoten/rx2/internal/flowable/TransformerStateMachine.java uses or overrides a deprecated API.
[[1;34mINFO[m] /home/java8-flakesync/scripts/projects/davidmoten/rxjava2-extras/src/main/java/com/github/davidmoten/rx2/internal/flowable/TransformerStateMachine.java: Recompile with -Xlint:deprecation for details.
[[1;34mINFO[m] /home/java8-flakesync/scripts/projects/davidmoten/rxjava2-extras/src/main/java/com/github/davidmoten/rx2/flowable/Burst.java: Some input files use unchecked or unsafe operations.
[[1;34mINFO[m] /home/java8-flakesync/scripts/projects/davidmoten/rxjava2-extras/src/main/java/com/github/davidmoten/rx2/flowable/Burst.java: Recompile with -Xlint:unchecked for details.
[[1;34mINFO[m] 
[[1;34mINFO[m] [1m--- [0;32mmaven-resources-plugin:2.6:testResources[m [1m(default-testResources)[m @ [36mrxjava2-extras[0;1m ---[m
[[1;34mINFO[m] Using 'UTF-8' encoding to copy filtered resources.
[[1;34mINFO[m] Copying 4 resources
[[1;34mINFO[m] 
[[1;34mINFO[m] [1m--- [0;32mmaven-compiler-plugin:3.11.0:testCompile[m [1m(default-testCompile)[m @ [36mrxjava2-extras[0;1m ---[m
[[1;34mINFO[m] Changes detected - recompiling the module! :dependency
[[1;34mINFO[m] Compiling 51 source files with javac [debug target 1.8] to target/test-classes
[[1;34mINFO[m] /home/java8-flakesync/scripts/projects/davidmoten/rxjava2-extras/src/test/java/com/github/davidmoten/rx2/internal/flowable/FlowableRepeatingTransformTest.java: /home/java8-flakesync/scripts/projects/davidmoten/rxjava2-extras/src/test/java/com/github/davidmoten/rx2/internal/flowable/FlowableRepeatingTransformTest.java uses or overrides a deprecated API.
[[1;34mINFO[m] /home/java8-flakesync/scripts/projects/davidmoten/rxjava2-extras/src/test/java/com/github/davidmoten/rx2/internal/flowable/FlowableRepeatingTransformTest.java: Recompile with -Xlint:deprecation for details.
[[1;34mINFO[m] 
[[1;34mINFO[m] [1m--- [0;32mmaven-surefire-plugin:3.1.2:test[m [1m(default-test)[m @ [36mrxjava2-extras[0;1m ---[m
[[1;34mINFO[m] Tests are skipped.
[[1;34mINFO[m] 
[[1;34mINFO[m] [1m--- [0;32mjacoco-maven-plugin:0.8.10:report[m [1m(report)[m @ [36mrxjava2-extras[0;1m ---[m
[[1;34mINFO[m] Skipping JaCoCo execution due to missing execution data file.
[[1;34mINFO[m] 
[[1;34mINFO[m] [1m--- [0;32mmaven-jar-plugin:3.3.0:jar[m [1m(default-jar)[m @ [36mrxjava2-extras[0;1m ---[m
[[1;34mINFO[m] Building jar: /home/java8-flakesync/scripts/projects/davidmoten/rxjava2-extras/target/rxjava2-extras-0.2.3-SNAPSHOT.jar
[[1;34mINFO[m] 
[[1;34mINFO[m] [1m--- [0;32mmaven-site-plugin:3.12.1:attach-descriptor[m [1m(attach-descriptor)[m @ [36mrxjava2-extras[0;1m ---[m
[[1;34mINFO[m] Skipping because packaging 'jar' is not pom.
[[1;34mINFO[m] 
[[1;34mINFO[m] [1m--- [0;32mmaven-install-plugin:2.4:install[m [1m(default-install)[m @ [36mrxjava2-extras[0;1m ---[m
[[1;34mINFO[m] Installing /home/java8-flakesync/scripts/projects/davidmoten/rxjava2-extras/target/rxjava2-extras-0.2.3-SNAPSHOT.jar to /home/java8-flakesync/.m2/repository/com/github/davidmoten/rxjava2-extras/0.2.3-SNAPSHOT/rxjava2-extras-0.2.3-SNAPSHOT.jar
[[1;34mINFO[m] Installing /home/java8-flakesync/scripts/projects/davidmoten/rxjava2-extras/pom.xml to /home/java8-flakesync/.m2/repository/com/github/davidmoten/rxjava2-extras/0.2.3-SNAPSHOT/rxjava2-extras-0.2.3-SNAPSHOT.pom
[[1;34mINFO[m] [1m------------------------------------------------------------------------[m
[[1;34mINFO[m] [1;32mBUILD SUCCESS[m
[[1;34mINFO[m] [1m------------------------------------------------------------------------[m
[[1;34mINFO[m] Total time:  14.011 s
[[1;34mINFO[m] Finished at: 2026-09-01T17:20:18Z
[[1;34mINFO[m] [1m------------------------------------------------------------------------[m
