Line starts with Hash #Project-Name,SHA,Module,Test-Name,Boundary-Point(s),Anywhere-of-method(1)/Part-of-method(0),#Boundary-Point,Reaches-to-end(TRUE/FALSE)
delight.nashornsandbox.internal.JsEvaluator#68
100
Cloning into '/home/java8-flakesync/scripts/projects/javadelight/delight-nashorn-sandbox'...
Note: checking out 'da35edc0a75424bad8cbf60959fae253202154c4'.

You are in 'detached HEAD' state. You can look around, make experimental
changes and commit them, and you can discard any commits you make in this
state without impacting any branches by performing another checkout.

If you want to create a new branch to retain commits you create, you may
do so (now or later) by using -b with the checkout command again. Example:

  git checkout -b <new-branch-name>

HEAD is now at da35edc Bumping to snapshot version.
/home/java8-flakesync/scripts/projects/javadelight/delight-nashorn-sandbox
[[1;34mINFO[m] Scanning for projects...
[[1;33mWARNING[m] 
[[1;33mWARNING[m] Some problems were encountered while building the effective model for org.javadelight:delight-nashorn-sandbox:bundle:0.1.19-SNAPSHOT
[[1;33mWARNING[m] 'build.plugins.plugin.version' for org.apache.maven.plugins:maven-compiler-plugin is missing. @ line 89, column 12
[[1;33mWARNING[m] Reporting configuration should be done in <reporting> section, not in maven-site-plugin <configuration> as reportPlugins parameter. @ line 157, column 20
[[1;33mWARNING[m] 
[[1;33mWARNING[m] It is highly recommended to fix these problems because they threaten the stability of your build.
[[1;33mWARNING[m] 
[[1;33mWARNING[m] For this reason, future Maven versions might no longer support building such malformed projects.
[[1;33mWARNING[m] 
[[1;34mINFO[m] 
[[1;34mINFO[m] [1m--------------< [0;36morg.javadelight:delight-nashorn-sandbox[0;1m >---------------[m
[[1;34mINFO[m] [1mBuilding delight-nashorn-sandbox 0.1.19-SNAPSHOT[m
[[1;34mINFO[m] [1m-------------------------------[ bundle ]-------------------------------[m
[[1;34mINFO[m] 
[[1;34mINFO[m] [1m--- [0;32mmaven-clean-plugin:2.5:clean[m [1m(default-clean)[m @ [36mdelight-nashorn-sandbox[0;1m ---[m
[[1;34mINFO[m] 
[[1;34mINFO[m] [1m--- [0;32mmaven-resources-plugin:3.3.1:resources[m [1m(default-resources)[m @ [36mdelight-nashorn-sandbox[0;1m ---[m
[[1;33mWARNING[m] Using platform encoding (ANSI_X3.4-1968 actually) to copy filtered resources, i.e. build is platform dependent!
[[1;34mINFO[m] Copying 18 resources from src/main/java to target/classes
[[1;34mINFO[m] Copying 0 resource from src/main/java to target/classes
[[1;34mINFO[m] 
[[1;34mINFO[m] [1m--- [0;32mmaven-compiler-plugin:3.12.1:compile[m [1m(default-compile)[m @ [36mdelight-nashorn-sandbox[0;1m ---[m
[[1;34mINFO[m] Recompiling the module because of [1mchanged source code[m.
[[1;33mWARNING[m] File encoding has not been set, using platform encoding [1mUS-ASCII[m, i.e. build is platform dependent!
[[1;34mINFO[m] Compiling 18 source files with javac [debug target 1.8] to target/classes
[[1;34mINFO[m] 
[[1;34mINFO[m] [1m--- [0;32mmaven-resources-plugin:3.3.1:testResources[m [1m(default-testResources)[m @ [36mdelight-nashorn-sandbox[0;1m ---[m
[[1;33mWARNING[m] Using platform encoding (ANSI_X3.4-1968 actually) to copy filtered resources, i.e. build is platform dependent!
[[1;34mINFO[m] Copying 1 resource from src/test/resources to target/test-classes
[[1;34mINFO[m] 
[[1;34mINFO[m] [1m--- [0;32mmaven-compiler-plugin:3.12.1:testCompile[m [1m(default-testCompile)[m @ [36mdelight-nashorn-sandbox[0;1m ---[m
[[1;34mINFO[m] Recompiling the module because of [1mchanged dependency[m.
[[1;33mWARNING[m] File encoding has not been set, using platform encoding [1mUS-ASCII[m, i.e. build is platform dependent!
[[1;34mINFO[m] Compiling 35 source files with javac [debug target 1.8] to target/test-classes
[[1;34mINFO[m] 
[[1;34mINFO[m] [1m--- [0;32mmaven-surefire-plugin:3.0.0-M9:test[m [1m(default-test)[m @ [36mdelight-nashorn-sandbox[0;1m ---[m
[[1;34mINFO[m] Tests are skipped.
[[1;34mINFO[m] 
[[1;34mINFO[m] [1m--- [0;32mmaven-bundle-plugin:2.5.3:bundle[m [1m(default-bundle)[m @ [36mdelight-nashorn-sandbox[0;1m ---[m
[[1;34mINFO[m] 
[[1;34mINFO[m] [1m>>> [0;32mmaven-source-plugin:3.0.1:jar[m [1m(attach-sources)[0;1m > [0;1mgenerate-sources[m @ [36mdelight-nashorn-sandbox[0;1m >>>[m
[[1;34mINFO[m] 
[[1;34mINFO[m] [1m<<< [0;32mmaven-source-plugin:3.0.1:jar[m [1m(attach-sources)[0;1m < [0;1mgenerate-sources[m @ [36mdelight-nashorn-sandbox[0;1m <<<[m
[[1;34mINFO[m] 
[[1;34mINFO[m] 
[[1;34mINFO[m] [1m--- [0;32mmaven-source-plugin:3.0.1:jar[m [1m(attach-sources)[m @ [36mdelight-nashorn-sandbox[0;1m ---[m
[[1;34mINFO[m] Building jar: /home/java8-flakesync/scripts/projects/javadelight/delight-nashorn-sandbox/target/delight-nashorn-sandbox-0.1.19-SNAPSHOT-sources.jar
[[1;34mINFO[m] 
[[1;34mINFO[m] [1m--- [0;32mmaven-javadoc-plugin:2.10.4:jar[m [1m(attach-javadocs)[m @ [36mdelight-nashorn-sandbox[0;1m ---[m
[[1;33mWARNING[m] Source files encoding has not been set, using platform encoding ANSI_X3.4-1968, i.e. build is platform dependent!
[[1;34mINFO[m] 
Loading source files for package delight.nashornsandbox.exceptions...
Loading source files for package delight.nashornsandbox.internal...
Loading source files for package delight.nashornsandbox...
Constructing Javadoc information...
Standard Doclet version 1.8.0_342
Building tree for all the packages and classes...
Generating /home/java8-flakesync/scripts/projects/javadelight/delight-nashorn-sandbox/target/apidocs/delight/nashornsandbox/exceptions/BracesException.html...
Generating /home/java8-flakesync/scripts/projects/javadelight/delight-nashorn-sandbox/target/apidocs/delight/nashornsandbox/exceptions/ScriptAbuseException.html...
Generating /home/java8-flakesync/scripts/projects/javadelight/delight-nashorn-sandbox/target/apidocs/delight/nashornsandbox/exceptions/ScriptCPUAbuseException.html...
Generating /home/java8-flakesync/scripts/projects/javadelight/delight-nashorn-sandbox/target/apidocs/delight/nashornsandbox/exceptions/ScriptMemoryAbuseException.html...
Generating /home/java8-flakesync/scripts/projects/javadelight/delight-nashorn-sandbox/target/apidocs/delight/nashornsandbox/internal/EvaluateOperation.html...
Generating /home/java8-flakesync/scripts/projects/javadelight/delight-nashorn-sandbox/target/apidocs/delight/nashornsandbox/internal/InterruptTest.html...
Generating /home/java8-flakesync/scripts/projects/javadelight/delight-nashorn-sandbox/target/apidocs/delight/nashornsandbox/internal/InvokeOperation.html...
Generating /home/java8-flakesync/scripts/projects/javadelight/delight-nashorn-sandbox/target/apidocs/delight/nashornsandbox/internal/NashornSandboxImpl.html...
Generating /home/java8-flakesync/scripts/projects/javadelight/delight-nashorn-sandbox/target/apidocs/delight/nashornsandbox/internal/RemoveComments.html...
Generating /home/java8-flakesync/scripts/projects/javadelight/delight-nashorn-sandbox/target/apidocs/delight/nashornsandbox/internal/ScriptEngineOperation.html...
Generating /home/java8-flakesync/scripts/projects/javadelight/delight-nashorn-sandbox/target/apidocs/delight/nashornsandbox/internal/ThreadMonitor.html...
Generating /home/java8-flakesync/scripts/projects/javadelight/delight-nashorn-sandbox/target/apidocs/delight/nashornsandbox/NashornSandbox.html...
Generating /home/java8-flakesync/scripts/projects/javadelight/delight-nashorn-sandbox/target/apidocs/delight/nashornsandbox/NashornSandboxes.html...
Generating /home/java8-flakesync/scripts/projects/javadelight/delight-nashorn-sandbox/target/apidocs/delight/nashornsandbox/SecuredJsCache.html...
Generating /home/java8-flakesync/scripts/projects/javadelight/delight-nashorn-sandbox/target/apidocs/overview-frame.html...
Generating /home/java8-flakesync/scripts/projects/javadelight/delight-nashorn-sandbox/target/apidocs/delight/nashornsandbox/package-frame.html...
Generating /home/java8-flakesync/scripts/projects/javadelight/delight-nashorn-sandbox/target/apidocs/delight/nashornsandbox/package-summary.html...
Generating /home/java8-flakesync/scripts/projects/javadelight/delight-nashorn-sandbox/target/apidocs/delight/nashornsandbox/package-tree.html...
Generating /home/java8-flakesync/scripts/projects/javadelight/delight-nashorn-sandbox/target/apidocs/delight/nashornsandbox/exceptions/package-frame.html...
Generating /home/java8-flakesync/scripts/projects/javadelight/delight-nashorn-sandbox/target/apidocs/delight/nashornsandbox/exceptions/package-summary.html...
Generating /home/java8-flakesync/scripts/projects/javadelight/delight-nashorn-sandbox/target/apidocs/delight/nashornsandbox/exceptions/package-tree.html...
Generating /home/java8-flakesync/scripts/projects/javadelight/delight-nashorn-sandbox/target/apidocs/delight/nashornsandbox/internal/package-frame.html...
Generating /home/java8-flakesync/scripts/projects/javadelight/delight-nashorn-sandbox/target/apidocs/delight/nashornsandbox/internal/package-summary.html...
Generating /home/java8-flakesync/scripts/projects/javadelight/delight-nashorn-sandbox/target/apidocs/delight/nashornsandbox/internal/package-tree.html...
Generating /home/java8-flakesync/scripts/projects/javadelight/delight-nashorn-sandbox/target/apidocs/constant-values.html...
Generating /home/java8-flakesync/scripts/projects/javadelight/delight-nashorn-sandbox/target/apidocs/serialized-form.html...
Generating /home/java8-flakesync/scripts/projects/javadelight/delight-nashorn-sandbox/target/apidocs/delight/nashornsandbox/exceptions/class-use/ScriptMemoryAbuseException.html...
Generating /home/java8-flakesync/scripts/projects/javadelight/delight-nashorn-sandbox/target/apidocs/delight/nashornsandbox/exceptions/class-use/ScriptCPUAbuseException.html...
Generating /home/java8-flakesync/scripts/projects/javadelight/delight-nashorn-sandbox/target/apidocs/delight/nashornsandbox/exceptions/class-use/ScriptAbuseException.html...
Generating /home/java8-flakesync/scripts/projects/javadelight/delight-nashorn-sandbox/target/apidocs/delight/nashornsandbox/exceptions/class-use/BracesException.html...
Generating /home/java8-flakesync/scripts/projects/javadelight/delight-nashorn-sandbox/target/apidocs/delight/nashornsandbox/internal/class-use/EvaluateOperation.html...
Generating /home/java8-flakesync/scripts/projects/javadelight/delight-nashorn-sandbox/target/apidocs/delight/nashornsandbox/internal/class-use/ScriptEngineOperation.html...
Generating /home/java8-flakesync/scripts/projects/javadelight/delight-nashorn-sandbox/target/apidocs/delight/nashornsandbox/internal/class-use/InvokeOperation.html...
Generating /home/java8-flakesync/scripts/projects/javadelight/delight-nashorn-sandbox/target/apidocs/delight/nashornsandbox/internal/class-use/InterruptTest.html...
Generating /home/java8-flakesync/scripts/projects/javadelight/delight-nashorn-sandbox/target/apidocs/delight/nashornsandbox/internal/class-use/ThreadMonitor.html...
Generating /home/java8-flakesync/scripts/projects/javadelight/delight-nashorn-sandbox/target/apidocs/delight/nashornsandbox/internal/class-use/RemoveComments.html...
Generating /home/java8-flakesync/scripts/projects/javadelight/delight-nashorn-sandbox/target/apidocs/delight/nashornsandbox/internal/class-use/NashornSandboxImpl.html...
Generating /home/java8-flakesync/scripts/projects/javadelight/delight-nashorn-sandbox/target/apidocs/delight/nashornsandbox/class-use/NashornSandboxes.html...
Generating /home/java8-flakesync/scripts/projects/javadelight/delight-nashorn-sandbox/target/apidocs/delight/nashornsandbox/class-use/NashornSandbox.html...
Generating /home/java8-flakesync/scripts/projects/javadelight/delight-nashorn-sandbox/target/apidocs/delight/nashornsandbox/class-use/SecuredJsCache.html...
Generating /home/java8-flakesync/scripts/projects/javadelight/delight-nashorn-sandbox/target/apidocs/delight/nashornsandbox/package-use.html...
Generating /home/java8-flakesync/scripts/projects/javadelight/delight-nashorn-sandbox/target/apidocs/delight/nashornsandbox/exceptions/package-use.html...
Generating /home/java8-flakesync/scripts/projects/javadelight/delight-nashorn-sandbox/target/apidocs/delight/nashornsandbox/internal/package-use.html...
Building index for all the packages and classes...
Generating /home/java8-flakesync/scripts/projects/javadelight/delight-nashorn-sandbox/target/apidocs/overview-tree.html...
Generating /home/java8-flakesync/scripts/projects/javadelight/delight-nashorn-sandbox/target/apidocs/index-all.html...
Generating /home/java8-flakesync/scripts/projects/javadelight/delight-nashorn-sandbox/target/apidocs/deprecated-list.html...
Building index for all classes...
Generating /home/java8-flakesync/scripts/projects/javadelight/delight-nashorn-sandbox/target/apidocs/allclasses-frame.html...
Generating /home/java8-flakesync/scripts/projects/javadelight/delight-nashorn-sandbox/target/apidocs/allclasses-noframe.html...
Generating /home/java8-flakesync/scripts/projects/javadelight/delight-nashorn-sandbox/target/apidocs/index.html...
Generating /home/java8-flakesync/scripts/projects/javadelight/delight-nashorn-sandbox/target/apidocs/overview-summary.html...
Generating /home/java8-flakesync/scripts/projects/javadelight/delight-nashorn-sandbox/target/apidocs/help-doc.html...
4 warnings
[[1;33mWARNING[m] Javadoc Warnings
[[1;33mWARNING[m] /home/java8-flakesync/scripts/projects/javadelight/delight-nashorn-sandbox/src/main/java/delight/nashornsandbox/NashornSandbox.java:273: warning - @return tag has no arguments.
[[1;33mWARNING[m] /home/java8-flakesync/scripts/projects/javadelight/delight-nashorn-sandbox/src/main/java/delight/nashornsandbox/NashornSandbox.java:279: warning - @return tag has no arguments.
[[1;33mWARNING[m] /home/java8-flakesync/scripts/projects/javadelight/delight-nashorn-sandbox/src/main/java/delight/nashornsandbox/NashornSandbox.java:92: warning - @ling is an unknown tag.
[[1;33mWARNING[m] /home/java8-flakesync/scripts/projects/javadelight/delight-nashorn-sandbox/src/main/java/delight/nashornsandbox/NashornSandbox.java:92: warning - @ling is an unknown tag.
[[1;34mINFO[m] Building jar: /home/java8-flakesync/scripts/projects/javadelight/delight-nashorn-sandbox/target/delight-nashorn-sandbox-0.1.19-SNAPSHOT-javadoc.jar
[[1;34mINFO[m] 
[[1;34mINFO[m] [1m--- [0;32mmaven-antrun-plugin:1.3:run[m [1m(default)[m @ [36mdelight-nashorn-sandbox[0;1m ---[m
[[1;34mINFO[m] Executing tasks
     [copy] Copying 1 file to /home/java8-flakesync/scripts/projects/javadelight/delight-nashorn-sandbox/META-INF
[[1;34mINFO[m] Executed tasks
[[1;34mINFO[m] 
[[1;34mINFO[m] [1m--- [0;32mmaven-install-plugin:3.1.1:install[m [1m(default-install)[m @ [36mdelight-nashorn-sandbox[0;1m ---[m
[[1;34mINFO[m] Installing /home/java8-flakesync/scripts/projects/javadelight/delight-nashorn-sandbox/pom.xml to /home/java8-flakesync/.m2/repository/org/javadelight/delight-nashorn-sandbox/0.1.19-SNAPSHOT/delight-nashorn-sandbox-0.1.19-SNAPSHOT.pom
[[1;34mINFO[m] Installing /home/java8-flakesync/scripts/projects/javadelight/delight-nashorn-sandbox/target/delight-nashorn-sandbox-0.1.19-SNAPSHOT.jar to /home/java8-flakesync/.m2/repository/org/javadelight/delight-nashorn-sandbox/0.1.19-SNAPSHOT/delight-nashorn-sandbox-0.1.19-SNAPSHOT.jar
[[1;34mINFO[m] Installing /home/java8-flakesync/scripts/projects/javadelight/delight-nashorn-sandbox/target/delight-nashorn-sandbox-0.1.19-SNAPSHOT-sources.jar to /home/java8-flakesync/.m2/repository/org/javadelight/delight-nashorn-sandbox/0.1.19-SNAPSHOT/delight-nashorn-sandbox-0.1.19-SNAPSHOT-sources.jar
[[1;34mINFO[m] Installing /home/java8-flakesync/scripts/projects/javadelight/delight-nashorn-sandbox/target/delight-nashorn-sandbox-0.1.19-SNAPSHOT-javadoc.jar to /home/java8-flakesync/.m2/repository/org/javadelight/delight-nashorn-sandbox/0.1.19-SNAPSHOT/delight-nashorn-sandbox-0.1.19-SNAPSHOT-javadoc.jar
[[1;34mINFO[m] 
[[1;34mINFO[m] [1m--- [0;32mmaven-bundle-plugin:2.5.3:install[m [1m(default-install)[m @ [36mdelight-nashorn-sandbox[0;1m ---[m
[[1;34mINFO[m] Installing org/javadelight/delight-nashorn-sandbox/0.1.19-SNAPSHOT/delight-nashorn-sandbox-0.1.19-SNAPSHOT.jar
[[1;34mINFO[m] Writing OBR metadata
[[1;34mINFO[m] [1m------------------------------------------------------------------------[m
[[1;34mINFO[m] [1;32mBUILD SUCCESS[m
[[1;34mINFO[m] [1m------------------------------------------------------------------------[m
[[1;34mINFO[m] Total time:  8.886 s
[[1;34mINFO[m] Finished at: 2026-09-01T17:07:51Z
[[1;34mINFO[m] [1m------------------------------------------------------------------------[m
