HEAD is now at c27ec08 Rename test files to be Windows-compatible (#180)
[[1;34mINFO[m] Scanning for projects...
[[1;34mINFO[m] Inspecting build with total of 2 modules...
[[1;34mINFO[m] Installing Nexus Staging features:
[[1;34mINFO[m]   ... total of 2 executions of maven-deploy-plugin replaced with nexus-staging-maven-plugin
[[1;34mINFO[m] [1m------------------------------------------------------------------------[m
[[1;34mINFO[m] [1mReactor Build Order:[m
[[1;34mINFO[m] 
[[1;34mINFO[m] Luwak                                                              [pom]
[[1;34mINFO[m] luwak                                                              [jar]
[[1;34mINFO[m] 
[[1;34mINFO[m] [1m-----------------< [0;36mcom.github.flaxsearch:luwak-parent[0;1m >-----------------[m
[[1;34mINFO[m] [1mBuilding Luwak 1.6.0-SNAPSHOT                                      [1/2][m
[[1;34mINFO[m] [1m--------------------------------[ pom ]---------------------------------[m
[[1;34mINFO[m] 
[[1;34mINFO[m] [1m>>> [0;32mmaven-source-plugin:2.2.1:jar[m [1m(attach-sources)[0;1m > [0;1mgenerate-sources[m @ [36mluwak-parent[0;1m >>>[m
[[1;34mINFO[m] 
[[1;34mINFO[m] [1m<<< [0;32mmaven-source-plugin:2.2.1:jar[m [1m(attach-sources)[0;1m < [0;1mgenerate-sources[m @ [36mluwak-parent[0;1m <<<[m
[[1;34mINFO[m] 
[[1;34mINFO[m] 
[[1;34mINFO[m] [1m--- [0;32mmaven-source-plugin:2.2.1:jar[m [1m(attach-sources)[m @ [36mluwak-parent[0;1m ---[m
[[1;34mINFO[m] 
[[1;34mINFO[m] [1m--- [0;32mmaven-javadoc-plugin:2.9.1:jar[m [1m(attach-javadocs)[m @ [36mluwak-parent[0;1m ---[m
[[1;34mINFO[m] Not executing Javadoc as the project is not a Java classpath-capable package
[[1;34mINFO[m] 
[[1;34mINFO[m] [1m--- [0;32mforbiddenapis:2.3:check[m [1m(default)[m @ [36mluwak-parent[0;1m ---[m
[[1;34mINFO[m] Skipping execution for packaging "pom"
[[1;34mINFO[m] 
[[1;34mINFO[m] [1m--- [0;32mforbiddenapis:2.3:testCheck[m [1m(default)[m @ [36mluwak-parent[0;1m ---[m
[[1;34mINFO[m] Skipping execution for packaging "pom"
[[1;34mINFO[m] 
[[1;34mINFO[m] [1m--- [0;32mmaven-install-plugin:2.4:install[m [1m(default-install)[m @ [36mluwak-parent[0;1m ---[m
[[1;34mINFO[m] Installing /home/java8-flakesync/scripts/projects-For-Delta/flaxsearch/luwak/pom.xml to /home/java8-flakesync/.m2/repository/com/github/flaxsearch/luwak-parent/1.6.0-SNAPSHOT/luwak-parent-1.6.0-SNAPSHOT.pom
[[1;34mINFO[m] 
[[1;34mINFO[m] [1m--------------------< [0;36mcom.github.flaxsearch:luwak[0;1m >---------------------[m
[[1;34mINFO[m] [1mBuilding luwak 1.6.0-SNAPSHOT                                      [2/2][m
[[1;34mINFO[m] [1m--------------------------------[ jar ]---------------------------------[m
[[1;34mINFO[m] 
[[1;34mINFO[m] [1m--- [0;32mmaven-resources-plugin:2.6:resources[m [1m(default-resources)[m @ [36mluwak[0;1m ---[m
[[1;34mINFO[m] Using 'UTF-8' encoding to copy filtered resources.
[[1;34mINFO[m] skip non existing resourceDirectory /home/java8-flakesync/scripts/projects-For-Delta/flaxsearch/luwak/luwak/src/main/resources
[[1;34mINFO[m] 
[[1;34mINFO[m] [1m--- [0;32mmaven-compiler-plugin:3.1:compile[m [1m(default-compile)[m @ [36mluwak[0;1m ---[m
[[1;34mINFO[m] Changes detected - recompiling the module!
[[1;34mINFO[m] Compiling 78 source files to /home/java8-flakesync/scripts/projects-For-Delta/flaxsearch/luwak/luwak/target/classes
[[1;33mWARNING[m] /home/java8-flakesync/scripts/projects-For-Delta/flaxsearch/luwak/luwak/src/main/java/uk/co/flax/luwak/util/SpanRewriter.java: Some input files use or override a deprecated API.
[[1;33mWARNING[m] /home/java8-flakesync/scripts/projects-For-Delta/flaxsearch/luwak/luwak/src/main/java/uk/co/flax/luwak/util/SpanRewriter.java: Recompile with -Xlint:deprecation for details.
[[1;34mINFO[m] 
[[1;34mINFO[m] [1m--- [0;32mmaven-resources-plugin:2.6:testResources[m [1m(default-testResources)[m @ [36mluwak[0;1m ---[m
[[1;34mINFO[m] Using 'UTF-8' encoding to copy filtered resources.
[[1;34mINFO[m] Copying 20 resources
[[1;34mINFO[m] 
[[1;34mINFO[m] [1m--- [0;32mmaven-compiler-plugin:3.1:testCompile[m [1m(default-testCompile)[m @ [36mluwak[0;1m ---[m
[[1;34mINFO[m] Changes detected - recompiling the module!
[[1;34mINFO[m] Compiling 50 source files to /home/java8-flakesync/scripts/projects-For-Delta/flaxsearch/luwak/luwak/target/test-classes
[[1;33mWARNING[m] /home/java8-flakesync/scripts/projects-For-Delta/flaxsearch/luwak/luwak/src/test/java/uk/co/flax/luwak/presearcher/TestTermPresearcher.java: Some input files use or override a deprecated API.
[[1;33mWARNING[m] /home/java8-flakesync/scripts/projects-For-Delta/flaxsearch/luwak/luwak/src/test/java/uk/co/flax/luwak/presearcher/TestTermPresearcher.java: Recompile with -Xlint:deprecation for details.
[[1;33mWARNING[m] /home/java8-flakesync/scripts/projects-For-Delta/flaxsearch/luwak/luwak/src/test/java/uk/co/flax/luwak/testutils/TestCollectionUtils.java: /home/java8-flakesync/scripts/projects-For-Delta/flaxsearch/luwak/luwak/src/test/java/uk/co/flax/luwak/testutils/TestCollectionUtils.java uses unchecked or unsafe operations.
[[1;33mWARNING[m] /home/java8-flakesync/scripts/projects-For-Delta/flaxsearch/luwak/luwak/src/test/java/uk/co/flax/luwak/testutils/TestCollectionUtils.java: Recompile with -Xlint:unchecked for details.
[[1;34mINFO[m] 
[[1;34mINFO[m] [1m--- [0;32mmaven-surefire-plugin:2.12.4:test[m [1m(default-test)[m @ [36mluwak[0;1m ---[m
[[1;34mINFO[m] Tests are skipped.
[[1;34mINFO[m] 
[[1;34mINFO[m] [1m--- [0;32mmaven-jar-plugin:2.4:jar[m [1m(default-jar)[m @ [36mluwak[0;1m ---[m
[[1;34mINFO[m] Building jar: /home/java8-flakesync/scripts/projects-For-Delta/flaxsearch/luwak/luwak/target/luwak-1.6.0-SNAPSHOT.jar
[[1;34mINFO[m] 
[[1;34mINFO[m] [1m>>> [0;32mmaven-source-plugin:2.2.1:jar[m [1m(attach-sources)[0;1m > [0;1mgenerate-sources[m @ [36mluwak[0;1m >>>[m
[[1;34mINFO[m] 
[[1;34mINFO[m] [1m<<< [0;32mmaven-source-plugin:2.2.1:jar[m [1m(attach-sources)[0;1m < [0;1mgenerate-sources[m @ [36mluwak[0;1m <<<[m
[[1;34mINFO[m] 
[[1;34mINFO[m] 
[[1;34mINFO[m] [1m--- [0;32mmaven-source-plugin:2.2.1:jar[m [1m(attach-sources)[m @ [36mluwak[0;1m ---[m
[[1;34mINFO[m] Building jar: /home/java8-flakesync/scripts/projects-For-Delta/flaxsearch/luwak/luwak/target/luwak-1.6.0-SNAPSHOT-sources.jar
[[1;34mINFO[m] 
[[1;34mINFO[m] [1m--- [0;32mmaven-javadoc-plugin:2.9.1:jar[m [1m(attach-javadocs)[m @ [36mluwak[0;1m ---[m
[[1;34mINFO[m] Building jar: /home/java8-flakesync/scripts/projects-For-Delta/flaxsearch/luwak/luwak/target/luwak-1.6.0-SNAPSHOT-javadoc.jar
[[1;34mINFO[m] 
[[1;34mINFO[m] [1m--- [0;32mforbiddenapis:2.3:check[m [1m(default)[m @ [36mluwak[0;1m ---[m
[[1;34mINFO[m] Scanning for classes to check...
[[1;34mINFO[m] Reading bundled API signatures: jdk-unsafe-1.8
[[1;34mINFO[m] Reading bundled API signatures: jdk-deprecated-1.8
[[1;33mWARNING[m] The setting 'internalRuntimeForbidden' was deprecated and will be removed in next version. For backwards compatibility task/mojo is using 'jdk-non-portable' bundled signatures instead.
[[1;34mINFO[m] Reading bundled API signatures: jdk-non-portable
[[1;34mINFO[m] Loading classes to check...
[[1;34mINFO[m] Scanning classes for violations...
[[1;34mINFO[m] Scanned 134 (and 436 related) class file(s) for forbidden API invocations (in 0.95s), 0 error(s).
[[1;34mINFO[m] 
[[1;34mINFO[m] [1m--- [0;32mforbiddenapis:2.3:testCheck[m [1m(default)[m @ [36mluwak[0;1m ---[m
[[1;34mINFO[m] Scanning for classes to check...
[[1;34mINFO[m] Reading bundled API signatures: jdk-unsafe-1.8
[[1;34mINFO[m] Reading bundled API signatures: jdk-deprecated-1.8
[[1;33mWARNING[m] The setting 'internalRuntimeForbidden' was deprecated and will be removed in next version. For backwards compatibility task/mojo is using 'jdk-non-portable' bundled signatures instead.
[[1;34mINFO[m] Reading bundled API signatures: jdk-non-portable
[[1;34mINFO[m] Loading classes to check...
[[1;34mINFO[m] Scanning classes for violations...
[[1;34mINFO[m] Scanned 80 (and 533 related) class file(s) for forbidden API invocations (in 0.99s), 0 error(s).
[[1;34mINFO[m] 
[[1;34mINFO[m] [1m--- [0;32mmaven-install-plugin:2.4:install[m [1m(default-install)[m @ [36mluwak[0;1m ---[m
[[1;34mINFO[m] Installing /home/java8-flakesync/scripts/projects-For-Delta/flaxsearch/luwak/luwak/target/luwak-1.6.0-SNAPSHOT.jar to /home/java8-flakesync/.m2/repository/com/github/flaxsearch/luwak/1.6.0-SNAPSHOT/luwak-1.6.0-SNAPSHOT.jar
[[1;34mINFO[m] Installing /home/java8-flakesync/scripts/projects-For-Delta/flaxsearch/luwak/luwak/pom.xml to /home/java8-flakesync/.m2/repository/com/github/flaxsearch/luwak/1.6.0-SNAPSHOT/luwak-1.6.0-SNAPSHOT.pom
[[1;34mINFO[m] Installing /home/java8-flakesync/scripts/projects-For-Delta/flaxsearch/luwak/luwak/target/luwak-1.6.0-SNAPSHOT-sources.jar to /home/java8-flakesync/.m2/repository/com/github/flaxsearch/luwak/1.6.0-SNAPSHOT/luwak-1.6.0-SNAPSHOT-sources.jar
[[1;34mINFO[m] Installing /home/java8-flakesync/scripts/projects-For-Delta/flaxsearch/luwak/luwak/target/luwak-1.6.0-SNAPSHOT-javadoc.jar to /home/java8-flakesync/.m2/repository/com/github/flaxsearch/luwak/1.6.0-SNAPSHOT/luwak-1.6.0-SNAPSHOT-javadoc.jar
[[1;34mINFO[m] [1m------------------------------------------------------------------------[m
[[1;34mINFO[m] [1mReactor Summary for Luwak 1.6.0-SNAPSHOT:[m
[[1;34mINFO[m] 
[[1;34mINFO[m] Luwak .............................................. [1;32mSUCCESS[m [  3.733 s]
[[1;34mINFO[m] luwak .............................................. [1;32mSUCCESS[m [ 23.783 s]
[[1;34mINFO[m] [1m------------------------------------------------------------------------[m
[[1;34mINFO[m] [1;32mBUILD SUCCESS[m
[[1;34mINFO[m] [1m------------------------------------------------------------------------[m
[[1;34mINFO[m] Total time:  30.795 s
[[1;34mINFO[m] Finished at: 2026-09-01T15:43:39Z
[[1;34mINFO[m] [1m------------------------------------------------------------------------[m
/home/java8-flakesync/scripts/projects-For-Delta/flaxsearch/luwak/benchmark
/home/java8-flakesync/scripts/projects-For-Delta/flaxsearch/luwak/luwak
/home/java8-flakesync/scripts/projects-For-Delta/flaxsearch/luwak
Stop at ............................. 
iteration_linkage_error= 0
delay === 100
1 ****************
Running flakedelay in a loc...
Stop at ............................. 
HEAD is now at c27ec08 Rename test files to be Windows-compatible (#180)
M	benchmark/pom.xml
M	luwak/pom.xml
M	pom.xml
Strings are not equal.
/home/java8-flakesync/scripts/projects-For-Delta/flaxsearch/luwak/benchmark
/home/java8-flakesync/scripts/projects-For-Delta/flaxsearch/luwak/luwak
/home/java8-flakesync/scripts/projects-For-Delta/flaxsearch/luwak
currentDir= /home/java8-flakesync/scripts/agent-pom-modify, slug=/home/java8-flakesync/scripts/projects-For-Delta/flaxsearch/luwak
[[1;34mINFO[m] Scanning for projects...
[[1;33mWARNING[m] 
[[1;33mWARNING[m] Some problems were encountered while building the effective model for com.github.flaxsearch:luwak-benchmark:jar:1.6.0-SNAPSHOT
[[1;33mWARNING[m] 'build.plugins.plugin.(groupId:artifactId)' must be unique but found duplicate declaration of plugin org.apache.maven.plugins:maven-surefire-plugin @ com.github.flaxsearch:luwak-benchmark:[unknown-version], /home/java8-flakesync/scripts/projects-For-Delta/flaxsearch/luwak/benchmark/pom.xml, line 40, column 17
[[1;33mWARNING[m] 'build.plugins.plugin.(groupId:artifactId)' must be unique but found duplicate declaration of plugin org.apache.maven.plugins:maven-surefire-plugin @ com.github.flaxsearch:luwak-parent:1.6.0-SNAPSHOT, /home/java8-flakesync/scripts/projects-For-Delta/flaxsearch/luwak/pom.xml, line 214, column 17
[[1;33mWARNING[m] 
[[1;33mWARNING[m] Some problems were encountered while building the effective model for com.github.flaxsearch:luwak:jar:1.6.0-SNAPSHOT
[[1;33mWARNING[m] 'build.plugins.plugin.(groupId:artifactId)' must be unique but found duplicate declaration of plugin org.apache.maven.plugins:maven-surefire-plugin @ com.github.flaxsearch:luwak:[unknown-version], /home/java8-flakesync/scripts/projects-For-Delta/flaxsearch/luwak/luwak/pom.xml, line 54, column 17
[[1;33mWARNING[m] 
[[1;33mWARNING[m] Some problems were encountered while building the effective model for com.github.flaxsearch:luwak-parent:pom:1.6.0-SNAPSHOT
[[1;33mWARNING[m] 'build.plugins.plugin.(groupId:artifactId)' must be unique but found duplicate declaration of plugin org.apache.maven.plugins:maven-surefire-plugin @ line 214, column 17
[[1;33mWARNING[m] 
[[1;33mWARNING[m] It is highly recommended to fix these problems because they threaten the stability of your build.
[[1;33mWARNING[m] 
[[1;33mWARNING[m] For this reason, future Maven versions might no longer support building such malformed projects.
[[1;33mWARNING[m] 
[[1;34mINFO[m] Inspecting build with total of 3 modules...
[[1;34mINFO[m] Installing Nexus Staging features:
[[1;34mINFO[m]   ... total of 3 executions of maven-deploy-plugin replaced with nexus-staging-maven-plugin
[[1;34mINFO[m] [1m------------------------------------------------------------------------[m
[[1;34mINFO[m] [1mReactor Build Order:[m
[[1;34mINFO[m] 
[[1;34mINFO[m] Luwak                                                              [pom]
[[1;34mINFO[m] luwak                                                              [jar]
[[1;34mINFO[m] luwak-benchmark                                                    [jar]
[[1;34mINFO[m] 
[[1;34mINFO[m] [1m-----------------< [0;36mcom.github.flaxsearch:luwak-parent[0;1m >-----------------[m
[[1;34mINFO[m] [1mBuilding Luwak 1.6.0-SNAPSHOT                                      [1/3][m
[[1;34mINFO[m] [1m--------------------------------[ pom ]---------------------------------[m
[[1;34mINFO[m] 
[[1;34mINFO[m] [1m>>> [0;32mmaven-source-plugin:2.2.1:jar[m [1m(attach-sources)[0;1m > [0;1mgenerate-sources[m @ [36mluwak-parent[0;1m >>>[m
[[1;34mINFO[m] 
[[1;34mINFO[m] [1m<<< [0;32mmaven-source-plugin:2.2.1:jar[m [1m(attach-sources)[0;1m < [0;1mgenerate-sources[m @ [36mluwak-parent[0;1m <<<[m
[[1;34mINFO[m] 
[[1;34mINFO[m] 
[[1;34mINFO[m] [1m--- [0;32mmaven-source-plugin:2.2.1:jar[m [1m(attach-sources)[m @ [36mluwak-parent[0;1m ---[m
[[1;34mINFO[m] 
[[1;34mINFO[m] [1m--- [0;32mmaven-javadoc-plugin:2.9.1:jar[m [1m(attach-javadocs)[m @ [36mluwak-parent[0;1m ---[m
[[1;34mINFO[m] Not executing Javadoc as the project is not a Java classpath-capable package
[[1;34mINFO[m] 
[[1;34mINFO[m] [1m--- [0;32mforbiddenapis:2.3:check[m [1m(default)[m @ [36mluwak-parent[0;1m ---[m
[[1;34mINFO[m] Skipping execution for packaging "pom"
[[1;34mINFO[m] 
[[1;34mINFO[m] [1m--- [0;32mforbiddenapis:2.3:testCheck[m [1m(default)[m @ [36mluwak-parent[0;1m ---[m
[[1;34mINFO[m] Skipping execution for packaging "pom"
[[1;34mINFO[m] 
[[1;34mINFO[m] [1m--- [0;32mmaven-install-plugin:2.4:install[m [1m(default-install)[m @ [36mluwak-parent[0;1m ---[m
[[1;34mINFO[m] Installing /home/java8-flakesync/scripts/projects-For-Delta/flaxsearch/luwak/pom.xml to /home/java8-flakesync/.m2/repository/com/github/flaxsearch/luwak-parent/1.6.0-SNAPSHOT/luwak-parent-1.6.0-SNAPSHOT.pom
[[1;34mINFO[m] 
[[1;34mINFO[m] [1m--------------------< [0;36mcom.github.flaxsearch:luwak[0;1m >---------------------[m
[[1;34mINFO[m] [1mBuilding luwak 1.6.0-SNAPSHOT                                      [2/3][m
[[1;34mINFO[m] [1m--------------------------------[ jar ]---------------------------------[m
[[1;34mINFO[m] 
[[1;34mINFO[m] [1m--- [0;32mmaven-resources-plugin:2.6:resources[m [1m(default-resources)[m @ [36mluwak[0;1m ---[m
[[1;34mINFO[m] Using 'UTF-8' encoding to copy filtered resources.
[[1;34mINFO[m] skip non existing resourceDirectory /home/java8-flakesync/scripts/projects-For-Delta/flaxsearch/luwak/luwak/src/main/resources
[[1;34mINFO[m] 
[[1;34mINFO[m] [1m--- [0;32mmaven-compiler-plugin:3.1:compile[m [1m(default-compile)[m @ [36mluwak[0;1m ---[m
[[1;34mINFO[m] Nothing to compile - all classes are up to date
[[1;34mINFO[m] 
[[1;34mINFO[m] [1m--- [0;32mmaven-resources-plugin:2.6:testResources[m [1m(default-testResources)[m @ [36mluwak[0;1m ---[m
[[1;34mINFO[m] Using 'UTF-8' encoding to copy filtered resources.
[[1;34mINFO[m] Copying 20 resources
[[1;34mINFO[m] 
[[1;34mINFO[m] [1m--- [0;32mmaven-compiler-plugin:3.1:testCompile[m [1m(default-testCompile)[m @ [36mluwak[0;1m ---[m
[[1;34mINFO[m] Nothing to compile - all classes are up to date
[[1;34mINFO[m] 
[[1;34mINFO[m] [1m--- [0;32mmaven-surefire-plugin:3.0.0-M9:test[m [1m(default-test)[m @ [36mluwak[0;1m ---[m
[[1;34mINFO[m] Tests are skipped.
[[1;34mINFO[m] 
[[1;34mINFO[m] [1m--- [0;32mmaven-jar-plugin:2.4:jar[m [1m(default-jar)[m @ [36mluwak[0;1m ---[m
[[1;34mINFO[m] Building jar: /home/java8-flakesync/scripts/projects-For-Delta/flaxsearch/luwak/luwak/target/luwak-1.6.0-SNAPSHOT.jar
[[1;34mINFO[m] 
[[1;34mINFO[m] [1m>>> [0;32mmaven-source-plugin:2.2.1:jar[m [1m(attach-sources)[0;1m > [0;1mgenerate-sources[m @ [36mluwak[0;1m >>>[m
[[1;34mINFO[m] 
[[1;34mINFO[m] [1m<<< [0;32mmaven-source-plugin:2.2.1:jar[m [1m(attach-sources)[0;1m < [0;1mgenerate-sources[m @ [36mluwak[0;1m <<<[m
[[1;34mINFO[m] 
[[1;34mINFO[m] 
[[1;34mINFO[m] [1m--- [0;32mmaven-source-plugin:2.2.1:jar[m [1m(attach-sources)[m @ [36mluwak[0;1m ---[m
[[1;34mINFO[m] 
[[1;34mINFO[m] [1m--- [0;32mmaven-javadoc-plugin:2.9.1:jar[m [1m(attach-javadocs)[m @ [36mluwak[0;1m ---[m
[[1;34mINFO[m] Building jar: /home/java8-flakesync/scripts/projects-For-Delta/flaxsearch/luwak/luwak/target/luwak-1.6.0-SNAPSHOT-javadoc.jar
[[1;34mINFO[m] 
[[1;34mINFO[m] [1m--- [0;32mforbiddenapis:2.3:check[m [1m(default)[m @ [36mluwak[0;1m ---[m
[[1;34mINFO[m] Scanning for classes to check...
[[1;34mINFO[m] Reading bundled API signatures: jdk-unsafe-1.8
[[1;34mINFO[m] Reading bundled API signatures: jdk-deprecated-1.8
[[1;33mWARNING[m] The setting 'internalRuntimeForbidden' was deprecated and will be removed in next version. For backwards compatibility task/mojo is using 'jdk-non-portable' bundled signatures instead.
[[1;34mINFO[m] Reading bundled API signatures: jdk-non-portable
[[1;34mINFO[m] Loading classes to check...
[[1;34mINFO[m] Scanning classes for violations...
[[1;34mINFO[m] Scanned 134 (and 436 related) class file(s) for forbidden API invocations (in 0.37s), 0 error(s).
[[1;34mINFO[m] 
[[1;34mINFO[m] [1m--- [0;32mforbiddenapis:2.3:testCheck[m [1m(default)[m @ [36mluwak[0;1m ---[m
[[1;34mINFO[m] Scanning for classes to check...
[[1;34mINFO[m] Reading bundled API signatures: jdk-unsafe-1.8
[[1;34mINFO[m] Reading bundled API signatures: jdk-deprecated-1.8
[[1;33mWARNING[m] The setting 'internalRuntimeForbidden' was deprecated and will be removed in next version. For backwards compatibility task/mojo is using 'jdk-non-portable' bundled signatures instead.
[[1;34mINFO[m] Reading bundled API signatures: jdk-non-portable
[[1;34mINFO[m] Loading classes to check...
[[1;34mINFO[m] Scanning classes for violations...
[[1;34mINFO[m] Scanned 80 (and 533 related) class file(s) for forbidden API invocations (in 0.21s), 0 error(s).
[[1;34mINFO[m] 
[[1;34mINFO[m] [1m--- [0;32mmaven-install-plugin:2.4:install[m [1m(default-install)[m @ [36mluwak[0;1m ---[m
[[1;34mINFO[m] Installing /home/java8-flakesync/scripts/projects-For-Delta/flaxsearch/luwak/luwak/target/luwak-1.6.0-SNAPSHOT.jar to /home/java8-flakesync/.m2/repository/com/github/flaxsearch/luwak/1.6.0-SNAPSHOT/luwak-1.6.0-SNAPSHOT.jar
[[1;34mINFO[m] Installing /home/java8-flakesync/scripts/projects-For-Delta/flaxsearch/luwak/luwak/pom.xml to /home/java8-flakesync/.m2/repository/com/github/flaxsearch/luwak/1.6.0-SNAPSHOT/luwak-1.6.0-SNAPSHOT.pom
[[1;34mINFO[m] Installing /home/java8-flakesync/scripts/projects-For-Delta/flaxsearch/luwak/luwak/target/luwak-1.6.0-SNAPSHOT-sources.jar to /home/java8-flakesync/.m2/repository/com/github/flaxsearch/luwak/1.6.0-SNAPSHOT/luwak-1.6.0-SNAPSHOT-sources.jar
[[1;34mINFO[m] Installing /home/java8-flakesync/scripts/projects-For-Delta/flaxsearch/luwak/luwak/target/luwak-1.6.0-SNAPSHOT-javadoc.jar to /home/java8-flakesync/.m2/repository/com/github/flaxsearch/luwak/1.6.0-SNAPSHOT/luwak-1.6.0-SNAPSHOT-javadoc.jar
[[1;34mINFO[m] 
[[1;34mINFO[m] [1m---------------< [0;36mcom.github.flaxsearch:luwak-benchmark[0;1m >----------------[m
[[1;34mINFO[m] [1mBuilding luwak-benchmark 1.6.0-SNAPSHOT                            [3/3][m
[[1;34mINFO[m] [1m--------------------------------[ jar ]---------------------------------[m
Downloading from central: https://repo.maven.apache.org/maven2/io/dropwizard/metrics/metrics-core/3.1.0/metrics-core-3.1.0.pom
Downloaded from central: https://repo.maven.apache.org/maven2/io/dropwizard/metrics/metrics-core/3.1.0/metrics-core-3.1.0.pom (0 B at 0 B/s)
Downloading from central: https://repo.maven.apache.org/maven2/io/dropwizard/metrics/metrics-parent/3.1.0/metrics-parent-3.1.0.pom
Downloaded from central: https://repo.maven.apache.org/maven2/io/dropwizard/metrics/metrics-parent/3.1.0/metrics-parent-3.1.0.pom (0 B at 0 B/s)
Downloading from central: https://repo.maven.apache.org/maven2/io/dropwizard/metrics/metrics-core/3.1.0/metrics-core-3.1.0.jar
Downloaded from central: https://repo.maven.apache.org/maven2/io/dropwizard/metrics/metrics-core/3.1.0/metrics-core-3.1.0.jar (0 B at 0 B/s)
[[1;34mINFO[m] 
[[1;34mINFO[m] [1m--- [0;32mmaven-resources-plugin:2.6:resources[m [1m(default-resources)[m @ [36mluwak-benchmark[0;1m ---[m
[[1;34mINFO[m] Using 'UTF-8' encoding to copy filtered resources.
[[1;34mINFO[m] Copying 1001 resources
[[1;34mINFO[m] 
[[1;34mINFO[m] [1m--- [0;32mmaven-compiler-plugin:3.1:compile[m [1m(default-compile)[m @ [36mluwak-benchmark[0;1m ---[m
[[1;34mINFO[m] Changes detected - recompiling the module!
[[1;34mINFO[m] Compiling 7 source files to /home/java8-flakesync/scripts/projects-For-Delta/flaxsearch/luwak/benchmark/target/classes
[[1;34mINFO[m] 
[[1;34mINFO[m] [1m--- [0;32mmaven-resources-plugin:2.6:testResources[m [1m(default-testResources)[m @ [36mluwak-benchmark[0;1m ---[m
[[1;34mINFO[m] Using 'UTF-8' encoding to copy filtered resources.
[[1;34mINFO[m] skip non existing resourceDirectory /home/java8-flakesync/scripts/projects-For-Delta/flaxsearch/luwak/benchmark/src/test/resources
[[1;34mINFO[m] 
[[1;34mINFO[m] [1m--- [0;32mmaven-compiler-plugin:3.1:testCompile[m [1m(default-testCompile)[m @ [36mluwak-benchmark[0;1m ---[m
[[1;34mINFO[m] Changes detected - recompiling the module!
[[1;34mINFO[m] Compiling 1 source file to /home/java8-flakesync/scripts/projects-For-Delta/flaxsearch/luwak/benchmark/target/test-classes
[[1;34mINFO[m] 
[[1;34mINFO[m] [1m--- [0;32mmaven-surefire-plugin:3.0.0-M9:test[m [1m(default-test)[m @ [36mluwak-benchmark[0;1m ---[m
[[1;34mINFO[m] Tests are skipped.
[[1;34mINFO[m] 
[[1;34mINFO[m] [1m--- [0;32mmaven-jar-plugin:2.4:jar[m [1m(default-jar)[m @ [36mluwak-benchmark[0;1m ---[m
[[1;34mINFO[m] Building jar: /home/java8-flakesync/scripts/projects-For-Delta/flaxsearch/luwak/benchmark/target/luwak-benchmark-1.6.0-SNAPSHOT.jar
[[1;34mINFO[m] 
[[1;34mINFO[m] [1m>>> [0;32mmaven-source-plugin:2.2.1:jar[m [1m(attach-sources)[0;1m > [0;1mgenerate-sources[m @ [36mluwak-benchmark[0;1m >>>[m
[[1;34mINFO[m] 
[[1;34mINFO[m] [1m<<< [0;32mmaven-source-plugin:2.2.1:jar[m [1m(attach-sources)[0;1m < [0;1mgenerate-sources[m @ [36mluwak-benchmark[0;1m <<<[m
[[1;34mINFO[m] 
[[1;34mINFO[m] 
[[1;34mINFO[m] [1m--- [0;32mmaven-source-plugin:2.2.1:jar[m [1m(attach-sources)[m @ [36mluwak-benchmark[0;1m ---[m
[[1;34mINFO[m] Building jar: /home/java8-flakesync/scripts/projects-For-Delta/flaxsearch/luwak/benchmark/target/luwak-benchmark-1.6.0-SNAPSHOT-sources.jar
[[1;34mINFO[m] 
[[1;34mINFO[m] [1m--- [0;32mmaven-javadoc-plugin:2.9.1:jar[m [1m(attach-javadocs)[m @ [36mluwak-benchmark[0;1m ---[m
[[1;34mINFO[m] Building jar: /home/java8-flakesync/scripts/projects-For-Delta/flaxsearch/luwak/benchmark/target/luwak-benchmark-1.6.0-SNAPSHOT-javadoc.jar
[[1;34mINFO[m] 
[[1;34mINFO[m] [1m--- [0;32mforbiddenapis:2.3:check[m [1m(default)[m @ [36mluwak-benchmark[0;1m ---[m
[[1;34mINFO[m] Scanning for classes to check...
[[1;34mINFO[m] Reading bundled API signatures: jdk-unsafe-1.8
[[1;34mINFO[m] Reading bundled API signatures: jdk-deprecated-1.8
[[1;33mWARNING[m] The setting 'internalRuntimeForbidden' was deprecated and will be removed in next version. For backwards compatibility task/mojo is using 'jdk-non-portable' bundled signatures instead.
[[1;34mINFO[m] Reading bundled API signatures: jdk-non-portable
[[1;34mINFO[m] Loading classes to check...
[[1;34mINFO[m] Scanning classes for violations...
[[1;34mINFO[m] Scanned 12 (and 303 related) class file(s) for forbidden API invocations (in 0.18s), 0 error(s).
[[1;34mINFO[m] 
[[1;34mINFO[m] [1m--- [0;32mforbiddenapis:2.3:testCheck[m [1m(default)[m @ [36mluwak-benchmark[0;1m ---[m
[[1;34mINFO[m] Scanning for classes to check...
[[1;34mINFO[m] Reading bundled API signatures: jdk-unsafe-1.8
[[1;34mINFO[m] Reading bundled API signatures: jdk-deprecated-1.8
[[1;33mWARNING[m] The setting 'internalRuntimeForbidden' was deprecated and will be removed in next version. For backwards compatibility task/mojo is using 'jdk-non-portable' bundled signatures instead.
[[1;34mINFO[m] Reading bundled API signatures: jdk-non-portable
[[1;34mINFO[m] Loading classes to check...
[[1;34mINFO[m] Scanning classes for violations...
[[1;34mINFO[m] Scanned 1 (and 280 related) class file(s) for forbidden API invocations (in 0.11s), 0 error(s).
[[1;34mINFO[m] 
[[1;34mINFO[m] [1m--- [0;32mmaven-install-plugin:2.4:install[m [1m(default-install)[m @ [36mluwak-benchmark[0;1m ---[m
[[1;34mINFO[m] Installing /home/java8-flakesync/scripts/projects-For-Delta/flaxsearch/luwak/benchmark/target/luwak-benchmark-1.6.0-SNAPSHOT.jar to /home/java8-flakesync/.m2/repository/com/github/flaxsearch/luwak-benchmark/1.6.0-SNAPSHOT/luwak-benchmark-1.6.0-SNAPSHOT.jar
[[1;34mINFO[m] Installing /home/java8-flakesync/scripts/projects-For-Delta/flaxsearch/luwak/benchmark/pom.xml to /home/java8-flakesync/.m2/repository/com/github/flaxsearch/luwak-benchmark/1.6.0-SNAPSHOT/luwak-benchmark-1.6.0-SNAPSHOT.pom
[[1;34mINFO[m] Installing /home/java8-flakesync/scripts/projects-For-Delta/flaxsearch/luwak/benchmark/target/luwak-benchmark-1.6.0-SNAPSHOT-sources.jar to /home/java8-flakesync/.m2/repository/com/github/flaxsearch/luwak-benchmark/1.6.0-SNAPSHOT/luwak-benchmark-1.6.0-SNAPSHOT-sources.jar
[[1;34mINFO[m] Installing /home/java8-flakesync/scripts/projects-For-Delta/flaxsearch/luwak/benchmark/target/luwak-benchmark-1.6.0-SNAPSHOT-javadoc.jar to /home/java8-flakesync/.m2/repository/com/github/flaxsearch/luwak-benchmark/1.6.0-SNAPSHOT/luwak-benchmark-1.6.0-SNAPSHOT-javadoc.jar
[[1;34mINFO[m] [1m------------------------------------------------------------------------[m
[[1;34mINFO[m] [1mReactor Summary for Luwak 1.6.0-SNAPSHOT:[m
[[1;34mINFO[m] 
[[1;34mINFO[m] Luwak .............................................. [1;32mSUCCESS[m [  2.072 s]
[[1;34mINFO[m] luwak .............................................. [1;32mSUCCESS[m [  7.565 s]
[[1;34mINFO[m] luwak-benchmark .................................... [1;32mSUCCESS[m [ 10.392 s]
[[1;34mINFO[m] [1m------------------------------------------------------------------------[m
[[1;34mINFO[m] [1;32mBUILD SUCCESS[m
[[1;34mINFO[m] [1m------------------------------------------------------------------------[m
[[1;34mINFO[m] Total time:  21.472 s
[[1;34mINFO[m] Finished at: 2026-09-01T15:45:24Z
[[1;34mINFO[m] [1m------------------------------------------------------------------------[m
Seq size= 43 
STARTING ELEMENTS: 1 2 3 4 5 6 7 8 9 10 11 12 13 14 15 16 17 18 19 20 21 22 23 24 25 26 27 28 29 30 31 32 33 34 35 36 37 38 39 40 41 42 43
*********** len = 43
1  21
STARTING ELEMENTS: 22 23 24 25 26 27 28 29 30 31 32 33 34 35 36 37 38 39 40 41 42 43
*********** len = 22
1  11
STARTING ELEMENTS: 33 34 35 36 37 38 39 40 41 42 43
*********** len = 11
1  5
STARTING ELEMENTS: 38 39 40 41 42 43
*********** len = 6
1  3
STARTING ELEMENTS: 41 42 43
*********** len = 3
1  1
Stop at ............................. 
STARTING ELEMENTS: 42 43
*********** len = 2
1  1
STARTING ELEMENTS: 43
*********** len = 1
/home/java8-flakesync/scripts/Results-Minimizer/uk.co.flax.luwak.matchers.TestPartitionMatcher#testParallelSlowLog.csv
uk.co.flax.luwak.matchers.TestPartitionMatcher#testParallelSlowLog
****1
HI Results-Minimizer/uk.co.flax.luwak.matchers.TestPartitionMatcher#testParallelSlowLog_Actual_Location.csv
