Cloning into '/home/java8-flakesync/scripts/projects-For-Delta/alibaba/wasp'...
Note: checking out 'b2593d8'.

You are in 'detached HEAD' state. You can look around, make experimental
changes and commit them, and you can discard any commits you make in this
state without impacting any branches by performing another checkout.

If you want to create a new branch to retain commits you create, you may
do so (now or later) by using -b with the checkout command again. Example:

  git checkout -b <new-branch-name>

HEAD is now at b2593d8 Merge pull request #24 from haosdent/master
[[1;34mINFO[m] Scanning for projects...
[[1;34mINFO[m] 
[[1;34mINFO[m] [1m--------------------------< [0;36mcom.alibaba:wasp[0;1m >--------------------------[m
[[1;34mINFO[m] [1mBuilding wasp 0.11[m
[[1;34mINFO[m] [1m--------------------------------[ jar ]---------------------------------[m
[[1;34mINFO[m] 
[[1;34mINFO[m] [1m--- [0;32mmaven-antrun-plugin:1.6:run[m [1m(generate)[m @ [36mwasp[0;1m ---[m
[[1;34mINFO[m] Executing tasks

main:
[[1;34mINFO[m] Logging to org.slf4j.impl.MavenSimpleLogger(org.mortbay.log) via org.mortbay.log.Slf4jLog
    [mkdir] Created dir: /home/java8-flakesync/scripts/projects-For-Delta/alibaba/wasp/target/wasp-webapps/master/WEB-INF
    [mkdir] Created dir: /home/java8-flakesync/scripts/projects-For-Delta/alibaba/wasp/target/wasp-webapps/fserver/WEB-INF
[[1;34mINFO[m] Executed tasks
[[1;34mINFO[m] 
[[1;34mINFO[m] [1m--- [0;32mbuild-helper-maven-plugin:1.5:add-source[m [1m(add-source)[m @ [36mwasp[0;1m ---[m
[[1;34mINFO[m] Source directory: /home/java8-flakesync/scripts/projects-For-Delta/alibaba/wasp/target/generated-sources/java added.
[[1;34mINFO[m] 
[[1;34mINFO[m] [1m--- [0;32mmaven-resources-plugin:2.6:resources[m [1m(default-resources)[m @ [36mwasp[0;1m ---[m
[[1;34mINFO[m] Using 'UTF-8' encoding to copy filtered resources.
[[1;34mINFO[m] Copying 2 resources
[[1;34mINFO[m] Copying 18 resources
[[1;34mINFO[m] 
[[1;34mINFO[m] [1m--- [0;32mmaven-compiler-plugin:2.5.1:compile[m [1m(default-compile)[m @ [36mwasp[0;1m ---[m
[[1;34mINFO[m] Compiling 513 source files to /home/java8-flakesync/scripts/projects-For-Delta/alibaba/wasp/target/classes
[[1;34mINFO[m] 
[[1;34mINFO[m] [1m--- [0;32mmaven-resources-plugin:2.6:testResources[m [1m(default-testResources)[m @ [36mwasp[0;1m ---[m
[[1;34mINFO[m] Using 'UTF-8' encoding to copy filtered resources.
[[1;34mINFO[m] skip non existing resourceDirectory /home/java8-flakesync/scripts/projects-For-Delta/alibaba/wasp/src/test/resources
[[1;34mINFO[m] 
[[1;34mINFO[m] [1m--- [0;32mmaven-compiler-plugin:2.5.1:testCompile[m [1m(default-testCompile)[m @ [36mwasp[0;1m ---[m
[[1;34mINFO[m] Compiling 83 source files to /home/java8-flakesync/scripts/projects-For-Delta/alibaba/wasp/target/test-classes
[[1;34mINFO[m] 
[[1;34mINFO[m] [1m--- [0;32mmaven-surefire-plugin:2.13:test[m [1m(default-test)[m @ [36mwasp[0;1m ---[m
[[1;34mINFO[m] Tests are skipped.
[[1;34mINFO[m] 
[[1;34mINFO[m] [1m--- [0;32mmaven-jar-plugin:2.4:test-jar[m [1m(default)[m @ [36mwasp[0;1m ---[m
[[1;34mINFO[m] Building jar: /home/java8-flakesync/scripts/projects-For-Delta/alibaba/wasp/target/wasp-0.11-tests.jar
[[1;34mINFO[m] 
[[1;34mINFO[m] [1m--- [0;32mmaven-jar-plugin:2.4:jar[m [1m(default-jar)[m @ [36mwasp[0;1m ---[m
[[1;34mINFO[m] Building jar: /home/java8-flakesync/scripts/projects-For-Delta/alibaba/wasp/target/wasp-0.11.jar
[[1;34mINFO[m] 
[[1;34mINFO[m] [1m--- [0;32mmaven-dependency-plugin:2.8:copy-dependencies[m [1m(copy-dependencies)[m @ [36mwasp[0;1m ---[m
[[1;34mINFO[m] Copying netty-3.5.0.Final.jar to /home/java8-flakesync/scripts/projects-For-Delta/alibaba/wasp/lib/netty-3.5.0.Final.jar
[[1;34mINFO[m] Copying protobuf-java-format-1.2.jar to /home/java8-flakesync/scripts/projects-For-Delta/alibaba/wasp/lib/protobuf-java-format-1.2.jar
[[1;34mINFO[m] Copying httpcore-4.1.3.jar to /home/java8-flakesync/scripts/projects-For-Delta/alibaba/wasp/lib/httpcore-4.1.3.jar
[[1;34mINFO[m] Copying commons-el-1.0.jar to /home/java8-flakesync/scripts/projects-For-Delta/alibaba/wasp/lib/commons-el-1.0.jar
[[1;34mINFO[m] Copying hbase-0.94.7.jar to /home/java8-flakesync/scripts/projects-For-Delta/alibaba/wasp/lib/hbase-0.94.7.jar
[[1;34mINFO[m] Copying jettison-1.3.1.jar to /home/java8-flakesync/scripts/projects-For-Delta/alibaba/wasp/lib/jettison-1.3.1.jar
[[1;34mINFO[m] Copying log4j-1.2.17.jar to /home/java8-flakesync/scripts/projects-For-Delta/alibaba/wasp/lib/log4j-1.2.17.jar
[[1;34mINFO[m] Copying commons-net-1.4.1.jar to /home/java8-flakesync/scripts/projects-For-Delta/alibaba/wasp/lib/commons-net-1.4.1.jar
[[1;34mINFO[m] Copying aopalliance-1.0.jar to /home/java8-flakesync/scripts/projects-For-Delta/alibaba/wasp/lib/aopalliance-1.0.jar
[[1;34mINFO[m] Copying jackson-mapper-asl-1.8.8.jar to /home/java8-flakesync/scripts/projects-For-Delta/alibaba/wasp/lib/jackson-mapper-asl-1.8.8.jar
[[1;34mINFO[m] Copying jasper-compiler-5.5.23.jar to /home/java8-flakesync/scripts/projects-For-Delta/alibaba/wasp/lib/jasper-compiler-5.5.23.jar
[[1;34mINFO[m] Copying hbase-0.94.7-tests.jar to /home/java8-flakesync/scripts/projects-For-Delta/alibaba/wasp/lib/hbase-0.94.7-tests.jar
[[1;34mINFO[m] Copying core-3.1.1.jar to /home/java8-flakesync/scripts/projects-For-Delta/alibaba/wasp/lib/core-3.1.1.jar
[[1;34mINFO[m] Copying ftplet-api-1.0.0.jar to /home/java8-flakesync/scripts/projects-For-Delta/alibaba/wasp/lib/ftplet-api-1.0.0.jar
[[1;34mINFO[m] Copying jackson-jaxrs-1.8.8.jar to /home/java8-flakesync/scripts/projects-For-Delta/alibaba/wasp/lib/jackson-jaxrs-1.8.8.jar
[[1;34mINFO[m] Copying avro-1.5.3.jar to /home/java8-flakesync/scripts/projects-For-Delta/alibaba/wasp/lib/avro-1.5.3.jar
[[1;34mINFO[m] Copying ftpserver-core-1.0.0.jar to /home/java8-flakesync/scripts/projects-For-Delta/alibaba/wasp/lib/ftpserver-core-1.0.0.jar
[[1;34mINFO[m] Copying ftpserver-deprecated-1.0.0-M2.jar to /home/java8-flakesync/scripts/projects-For-Delta/alibaba/wasp/lib/ftpserver-deprecated-1.0.0-M2.jar
[[1;34mINFO[m] Copying jaxb-impl-2.2.3-1.jar to /home/java8-flakesync/scripts/projects-For-Delta/alibaba/wasp/lib/jaxb-impl-2.2.3-1.jar
[[1;34mINFO[m] Copying high-scale-lib-1.1.1.jar to /home/java8-flakesync/scripts/projects-For-Delta/alibaba/wasp/lib/high-scale-lib-1.1.1.jar
[[1;34mINFO[m] Copying hadoop-test-1.0.4.jar to /home/java8-flakesync/scripts/projects-For-Delta/alibaba/wasp/lib/hadoop-test-1.0.4.jar
[[1;34mINFO[m] Copying jsp-2.1-6.1.14.jar to /home/java8-flakesync/scripts/projects-For-Delta/alibaba/wasp/lib/jsp-2.1-6.1.14.jar
[[1;34mINFO[m] Copying mina-core-2.0.0-M5.jar to /home/java8-flakesync/scripts/projects-For-Delta/alibaba/wasp/lib/mina-core-2.0.0-M5.jar
[[1;34mINFO[m] Copying jets3t-0.7.1.jar to /home/java8-flakesync/scripts/projects-For-Delta/alibaba/wasp/lib/jets3t-0.7.1.jar
[[1;34mINFO[m] Copying jetty-util-6.1.26.jar to /home/java8-flakesync/scripts/projects-For-Delta/alibaba/wasp/lib/jetty-util-6.1.26.jar
[[1;34mINFO[m] Copying jruby-complete-1.6.8.jar to /home/java8-flakesync/scripts/projects-For-Delta/alibaba/wasp/lib/jruby-complete-1.6.8.jar
[[1;34mINFO[m] Copying spring-expression-3.0.5.RELEASE.jar to /home/java8-flakesync/scripts/projects-For-Delta/alibaba/wasp/lib/spring-expression-3.0.5.RELEASE.jar
[[1;34mINFO[m] Copying spring-beans-3.0.5.RELEASE.jar to /home/java8-flakesync/scripts/projects-For-Delta/alibaba/wasp/lib/spring-beans-3.0.5.RELEASE.jar
[[1;34mINFO[m] Copying commons-io-2.4.jar to /home/java8-flakesync/scripts/projects-For-Delta/alibaba/wasp/lib/commons-io-2.4.jar
[[1;34mINFO[m] Copying commons-logging-1.1.1.jar to /home/java8-flakesync/scripts/projects-For-Delta/alibaba/wasp/lib/commons-logging-1.1.1.jar
[[1;34mINFO[m] Copying slf4j-api-1.4.3.jar to /home/java8-flakesync/scripts/projects-For-Delta/alibaba/wasp/lib/slf4j-api-1.4.3.jar
[[1;34mINFO[m] Copying metrics-core-2.1.2.jar to /home/java8-flakesync/scripts/projects-For-Delta/alibaba/wasp/lib/metrics-core-2.1.2.jar
[[1;34mINFO[m] Copying slf4j-log4j12-1.4.3.jar to /home/java8-flakesync/scripts/projects-For-Delta/alibaba/wasp/lib/slf4j-log4j12-1.4.3.jar
[[1;34mINFO[m] Copying hsqldb-1.8.0.10.jar to /home/java8-flakesync/scripts/projects-For-Delta/alibaba/wasp/lib/hsqldb-1.8.0.10.jar
[[1;34mINFO[m] Copying spring-aop-3.0.5.RELEASE.jar to /home/java8-flakesync/scripts/projects-For-Delta/alibaba/wasp/lib/spring-aop-3.0.5.RELEASE.jar
[[1;34mINFO[m] Copying xmlenc-0.52.jar to /home/java8-flakesync/scripts/projects-For-Delta/alibaba/wasp/lib/xmlenc-0.52.jar
[[1;34mINFO[m] Copying zookeeper-3.4.5.jar to /home/java8-flakesync/scripts/projects-For-Delta/alibaba/wasp/lib/zookeeper-3.4.5.jar
[[1;34mINFO[m] Copying mockito-all-1.9.0.jar to /home/java8-flakesync/scripts/projects-For-Delta/alibaba/wasp/lib/mockito-all-1.9.0.jar
[[1;34mINFO[m] Copying protobuf-rpc-pro-duplex-2.0.1.jar to /home/java8-flakesync/scripts/projects-For-Delta/alibaba/wasp/lib/protobuf-rpc-pro-duplex-2.0.1.jar
[[1;34mINFO[m] Copying jasper-runtime-5.5.23.jar to /home/java8-flakesync/scripts/projects-For-Delta/alibaba/wasp/lib/jasper-runtime-5.5.23.jar
[[1;34mINFO[m] Copying httpclient-4.1.2.jar to /home/java8-flakesync/scripts/projects-For-Delta/alibaba/wasp/lib/httpclient-4.1.2.jar
[[1;34mINFO[m] Copying junit-4.10.jar to /home/java8-flakesync/scripts/projects-For-Delta/alibaba/wasp/lib/junit-4.10.jar
[[1;34mINFO[m] Copying jaxb-api-2.1.jar to /home/java8-flakesync/scripts/projects-For-Delta/alibaba/wasp/lib/jaxb-api-2.1.jar
[[1;34mINFO[m] Copying protobuf-rpc-pro-demo-2.0.1.jar to /home/java8-flakesync/scripts/projects-For-Delta/alibaba/wasp/lib/protobuf-rpc-pro-demo-2.0.1.jar
[[1;34mINFO[m] Copying htrace-1.49.jar to /home/java8-flakesync/scripts/projects-For-Delta/alibaba/wasp/lib/htrace-1.49.jar
[[1;34mINFO[m] Copying snappy-java-1.0.3.2.jar to /home/java8-flakesync/scripts/projects-For-Delta/alibaba/wasp/lib/snappy-java-1.0.3.2.jar
[[1;34mINFO[m] Copying jamon-runtime-2.3.1.jar to /home/java8-flakesync/scripts/projects-For-Delta/alibaba/wasp/lib/jamon-runtime-2.3.1.jar
[[1;34mINFO[m] Copying libthrift-0.8.0.jar to /home/java8-flakesync/scripts/projects-For-Delta/alibaba/wasp/lib/libthrift-0.8.0.jar
[[1;34mINFO[m] Copying commons-math-2.1.jar to /home/java8-flakesync/scripts/projects-For-Delta/alibaba/wasp/lib/commons-math-2.1.jar
[[1;34mINFO[m] Copying jackson-xc-1.8.8.jar to /home/java8-flakesync/scripts/projects-For-Delta/alibaba/wasp/lib/jackson-xc-1.8.8.jar
[[1;34mINFO[m] Copying jsr305-1.3.9.jar to /home/java8-flakesync/scripts/projects-For-Delta/alibaba/wasp/lib/jsr305-1.3.9.jar
[[1;34mINFO[m] Copying commons-configuration-1.6.jar to /home/java8-flakesync/scripts/projects-For-Delta/alibaba/wasp/lib/commons-configuration-1.6.jar
[[1;34mINFO[m] Copying commons-digester-1.8.jar to /home/java8-flakesync/scripts/projects-For-Delta/alibaba/wasp/lib/commons-digester-1.8.jar
[[1;34mINFO[m] Copying avro-ipc-1.5.3.jar to /home/java8-flakesync/scripts/projects-For-Delta/alibaba/wasp/lib/avro-ipc-1.5.3.jar
[[1;34mINFO[m] Copying protobuf-java-2.4.1.jar to /home/java8-flakesync/scripts/projects-For-Delta/alibaba/wasp/lib/protobuf-java-2.4.1.jar
[[1;34mINFO[m] Copying jersey-core-1.8.jar to /home/java8-flakesync/scripts/projects-For-Delta/alibaba/wasp/lib/jersey-core-1.8.jar
[[1;34mINFO[m] Copying commons-beanutils-1.7.0.jar to /home/java8-flakesync/scripts/projects-For-Delta/alibaba/wasp/lib/commons-beanutils-1.7.0.jar
[[1;34mINFO[m] Copying druid-0.2.9.jar to /home/java8-flakesync/scripts/projects-For-Delta/alibaba/wasp/lib/druid-0.2.9.jar
[[1;34mINFO[m] Copying commons-httpclient-3.0.1.jar to /home/java8-flakesync/scripts/projects-For-Delta/alibaba/wasp/lib/commons-httpclient-3.0.1.jar
[[1;34mINFO[m] Copying kfs-0.3.jar to /home/java8-flakesync/scripts/projects-For-Delta/alibaba/wasp/lib/kfs-0.3.jar
[[1;34mINFO[m] Copying commons-collections-3.2.1.jar to /home/java8-flakesync/scripts/projects-For-Delta/alibaba/wasp/lib/commons-collections-3.2.1.jar
[[1;34mINFO[m] Copying netty-3.2.4.Final.jar to /home/java8-flakesync/scripts/projects-For-Delta/alibaba/wasp/lib/netty-3.2.4.Final.jar
[[1;34mINFO[m] Copying commons-codec-1.7.jar to /home/java8-flakesync/scripts/projects-For-Delta/alibaba/wasp/lib/commons-codec-1.7.jar
[[1;34mINFO[m] Copying spring-core-3.0.5.RELEASE.jar to /home/java8-flakesync/scripts/projects-For-Delta/alibaba/wasp/lib/spring-core-3.0.5.RELEASE.jar
[[1;34mINFO[m] Copying commons-lang-2.6.jar to /home/java8-flakesync/scripts/projects-For-Delta/alibaba/wasp/lib/commons-lang-2.6.jar
[[1;34mINFO[m] Copying protobuf-streamer-pro-1.2.3.jar to /home/java8-flakesync/scripts/projects-For-Delta/alibaba/wasp/lib/protobuf-streamer-pro-1.2.3.jar
[[1;34mINFO[m] Copying activation-1.1.jar to /home/java8-flakesync/scripts/projects-For-Delta/alibaba/wasp/lib/activation-1.1.jar
[[1;34mINFO[m] Copying hadoop-core-1.0.4.jar to /home/java8-flakesync/scripts/projects-For-Delta/alibaba/wasp/lib/hadoop-core-1.0.4.jar
[[1;34mINFO[m] Copying asm-3.1.jar to /home/java8-flakesync/scripts/projects-For-Delta/alibaba/wasp/lib/asm-3.1.jar
[[1;34mINFO[m] Copying commons-cli-1.2.jar to /home/java8-flakesync/scripts/projects-For-Delta/alibaba/wasp/lib/commons-cli-1.2.jar
[[1;34mINFO[m] Copying commons-beanutils-core-1.8.0.jar to /home/java8-flakesync/scripts/projects-For-Delta/alibaba/wasp/lib/commons-beanutils-core-1.8.0.jar
[[1;34mINFO[m] Copying jersey-server-1.8.jar to /home/java8-flakesync/scripts/projects-For-Delta/alibaba/wasp/lib/jersey-server-1.8.jar
[[1;34mINFO[m] Copying jetty-6.1.26.jar to /home/java8-flakesync/scripts/projects-For-Delta/alibaba/wasp/lib/jetty-6.1.26.jar
[[1;34mINFO[m] Copying servlet-api-2.5-6.1.14.jar to /home/java8-flakesync/scripts/projects-For-Delta/alibaba/wasp/lib/servlet-api-2.5-6.1.14.jar
[[1;34mINFO[m] Copying spring-context-3.0.5.RELEASE.jar to /home/java8-flakesync/scripts/projects-For-Delta/alibaba/wasp/lib/spring-context-3.0.5.RELEASE.jar
[[1;34mINFO[m] Copying jersey-json-1.8.jar to /home/java8-flakesync/scripts/projects-For-Delta/alibaba/wasp/lib/jersey-json-1.8.jar
[[1;34mINFO[m] Copying oro-2.0.8.jar to /home/java8-flakesync/scripts/projects-For-Delta/alibaba/wasp/lib/oro-2.0.8.jar
[[1;34mINFO[m] Copying jackson-core-asl-1.8.8.jar to /home/java8-flakesync/scripts/projects-For-Delta/alibaba/wasp/lib/jackson-core-asl-1.8.8.jar
[[1;34mINFO[m] Copying guava-12.0.1.jar to /home/java8-flakesync/scripts/projects-For-Delta/alibaba/wasp/lib/guava-12.0.1.jar
[[1;34mINFO[m] Copying velocity-1.7.jar to /home/java8-flakesync/scripts/projects-For-Delta/alibaba/wasp/lib/velocity-1.7.jar
[[1;34mINFO[m] Copying spring-asm-3.0.5.RELEASE.jar to /home/java8-flakesync/scripts/projects-For-Delta/alibaba/wasp/lib/spring-asm-3.0.5.RELEASE.jar
[[1;34mINFO[m] Copying jsp-api-2.1-6.1.14.jar to /home/java8-flakesync/scripts/projects-For-Delta/alibaba/wasp/lib/jsp-api-2.1-6.1.14.jar
[[1;34mINFO[m] Copying hamcrest-core-1.1.jar to /home/java8-flakesync/scripts/projects-For-Delta/alibaba/wasp/lib/hamcrest-core-1.1.jar
[[1;34mINFO[m] Copying stax-api-1.0.1.jar to /home/java8-flakesync/scripts/projects-For-Delta/alibaba/wasp/lib/stax-api-1.0.1.jar
[[1;34mINFO[m] 
[[1;34mINFO[m] [1m--- [0;32mmaven-install-plugin:2.4:install[m [1m(default-install)[m @ [36mwasp[0;1m ---[m
[[1;34mINFO[m] Installing /home/java8-flakesync/scripts/projects-For-Delta/alibaba/wasp/target/wasp-0.11.jar to /home/java8-flakesync/.m2/repository/com/alibaba/wasp/0.11/wasp-0.11.jar
[[1;34mINFO[m] Installing /home/java8-flakesync/scripts/projects-For-Delta/alibaba/wasp/pom.xml to /home/java8-flakesync/.m2/repository/com/alibaba/wasp/0.11/wasp-0.11.pom
[[1;34mINFO[m] Installing /home/java8-flakesync/scripts/projects-For-Delta/alibaba/wasp/target/wasp-0.11-tests.jar to /home/java8-flakesync/.m2/repository/com/alibaba/wasp/0.11/wasp-0.11-tests.jar
[[1;34mINFO[m] [1m------------------------------------------------------------------------[m
[[1;34mINFO[m] [1;32mBUILD SUCCESS[m
[[1;34mINFO[m] [1m------------------------------------------------------------------------[m
[[1;34mINFO[m] Total time:  19.814 s
[[1;34mINFO[m] Finished at: 2026-08-31T09:34:43Z
[[1;34mINFO[m] [1m------------------------------------------------------------------------[m
/home/java8-flakesync/scripts/projects-For-Delta/alibaba/wasp
iteration_linkage_error= 0
delay === 100
2 ****************
Running flakedelay in a loc...
HEAD is now at b2593d8 Merge pull request #24 from haosdent/master
M	pom.xml
Strings are not equal.
/home/java8-flakesync/scripts/projects-For-Delta/alibaba/wasp
currentDir= /home/java8-flakesync/scripts/agent-pom-modify, slug=/home/java8-flakesync/scripts/projects-For-Delta/alibaba/wasp
[[1;34mINFO[m] Scanning for projects...
[[1;33mWARNING[m] 
[[1;33mWARNING[m] Some problems were encountered while building the effective model for com.alibaba:wasp:jar:0.11
[[1;33mWARNING[m] 'build.plugins.plugin.(groupId:artifactId)' must be unique but found duplicate declaration of plugin org.apache.maven.plugins:maven-surefire-plugin @ line 315, column 17
[[1;33mWARNING[m] 
[[1;33mWARNING[m] It is highly recommended to fix these problems because they threaten the stability of your build.
[[1;33mWARNING[m] 
[[1;33mWARNING[m] For this reason, future Maven versions might no longer support building such malformed projects.
[[1;33mWARNING[m] 
[[1;34mINFO[m] 
[[1;34mINFO[m] [1m--------------------------< [0;36mcom.alibaba:wasp[0;1m >--------------------------[m
[[1;34mINFO[m] [1mBuilding wasp 0.11[m
[[1;34mINFO[m] [1m--------------------------------[ jar ]---------------------------------[m
[[1;34mINFO[m] 
[[1;34mINFO[m] [1m--- [0;32mmaven-antrun-plugin:1.6:run[m [1m(generate)[m @ [36mwasp[0;1m ---[m
[[1;34mINFO[m] Executing tasks

main:
[[1;34mINFO[m] Logging to org.slf4j.impl.MavenSimpleLogger(org.mortbay.log) via org.mortbay.log.Slf4jLog
[[1;34mINFO[m] Executed tasks
[[1;34mINFO[m] 
[[1;34mINFO[m] [1m--- [0;32mbuild-helper-maven-plugin:1.5:add-source[m [1m(add-source)[m @ [36mwasp[0;1m ---[m
[[1;34mINFO[m] Source directory: /home/java8-flakesync/scripts/projects-For-Delta/alibaba/wasp/target/generated-sources/java added.
[[1;34mINFO[m] 
[[1;34mINFO[m] [1m--- [0;32mmaven-resources-plugin:2.6:resources[m [1m(default-resources)[m @ [36mwasp[0;1m ---[m
[[1;34mINFO[m] Using 'UTF-8' encoding to copy filtered resources.
[[1;34mINFO[m] Copying 2 resources
[[1;34mINFO[m] Copying 18 resources
[[1;34mINFO[m] 
[[1;34mINFO[m] [1m--- [0;32mmaven-compiler-plugin:2.5.1:compile[m [1m(default-compile)[m @ [36mwasp[0;1m ---[m
[[1;34mINFO[m] Compiling 1 source file to /home/java8-flakesync/scripts/projects-For-Delta/alibaba/wasp/target/classes
[[1;34mINFO[m] 
[[1;34mINFO[m] [1m--- [0;32mmaven-resources-plugin:2.6:testResources[m [1m(default-testResources)[m @ [36mwasp[0;1m ---[m
[[1;34mINFO[m] Using 'UTF-8' encoding to copy filtered resources.
[[1;34mINFO[m] skip non existing resourceDirectory /home/java8-flakesync/scripts/projects-For-Delta/alibaba/wasp/src/test/resources
[[1;34mINFO[m] 
[[1;34mINFO[m] [1m--- [0;32mmaven-compiler-plugin:2.5.1:testCompile[m [1m(default-testCompile)[m @ [36mwasp[0;1m ---[m
[[1;34mINFO[m] Nothing to compile - all classes are up to date
[[1;34mINFO[m] 
[[1;34mINFO[m] [1m--- [0;32mmaven-surefire-plugin:2.13:test[m [1m(default-test)[m @ [36mwasp[0;1m ---[m
[[1;34mINFO[m] Tests are skipped.
[[1;34mINFO[m] 
[[1;34mINFO[m] [1m--- [0;32mmaven-jar-plugin:2.4:test-jar[m [1m(default)[m @ [36mwasp[0;1m ---[m
[[1;34mINFO[m] Building jar: /home/java8-flakesync/scripts/projects-For-Delta/alibaba/wasp/target/wasp-0.11-tests.jar
[[1;34mINFO[m] 
[[1;34mINFO[m] [1m--- [0;32mmaven-jar-plugin:2.4:jar[m [1m(default-jar)[m @ [36mwasp[0;1m ---[m
[[1;34mINFO[m] Building jar: /home/java8-flakesync/scripts/projects-For-Delta/alibaba/wasp/target/wasp-0.11.jar
[[1;34mINFO[m] 
[[1;34mINFO[m] [1m--- [0;32mmaven-dependency-plugin:2.8:copy-dependencies[m [1m(copy-dependencies)[m @ [36mwasp[0;1m ---[m
[[1;34mINFO[m] netty-3.5.0.Final.jar already exists in destination.
[[1;34mINFO[m] protobuf-java-format-1.2.jar already exists in destination.
[[1;34mINFO[m] httpcore-4.1.3.jar already exists in destination.
[[1;34mINFO[m] commons-el-1.0.jar already exists in destination.
[[1;34mINFO[m] hbase-0.94.7.jar already exists in destination.
[[1;34mINFO[m] jettison-1.3.1.jar already exists in destination.
[[1;34mINFO[m] log4j-1.2.17.jar already exists in destination.
[[1;34mINFO[m] commons-net-1.4.1.jar already exists in destination.
[[1;34mINFO[m] aopalliance-1.0.jar already exists in destination.
[[1;34mINFO[m] jackson-mapper-asl-1.8.8.jar already exists in destination.
[[1;34mINFO[m] jasper-compiler-5.5.23.jar already exists in destination.
[[1;34mINFO[m] hbase-0.94.7-tests.jar already exists in destination.
[[1;34mINFO[m] core-3.1.1.jar already exists in destination.
[[1;34mINFO[m] ftplet-api-1.0.0.jar already exists in destination.
[[1;34mINFO[m] jackson-jaxrs-1.8.8.jar already exists in destination.
[[1;34mINFO[m] avro-1.5.3.jar already exists in destination.
[[1;34mINFO[m] ftpserver-core-1.0.0.jar already exists in destination.
[[1;34mINFO[m] ftpserver-deprecated-1.0.0-M2.jar already exists in destination.
[[1;34mINFO[m] jaxb-impl-2.2.3-1.jar already exists in destination.
[[1;34mINFO[m] high-scale-lib-1.1.1.jar already exists in destination.
[[1;34mINFO[m] hadoop-test-1.0.4.jar already exists in destination.
[[1;34mINFO[m] jsp-2.1-6.1.14.jar already exists in destination.
[[1;34mINFO[m] mina-core-2.0.0-M5.jar already exists in destination.
[[1;34mINFO[m] jets3t-0.7.1.jar already exists in destination.
[[1;34mINFO[m] jetty-util-6.1.26.jar already exists in destination.
[[1;34mINFO[m] jruby-complete-1.6.8.jar already exists in destination.
[[1;34mINFO[m] spring-expression-3.0.5.RELEASE.jar already exists in destination.
[[1;34mINFO[m] spring-beans-3.0.5.RELEASE.jar already exists in destination.
[[1;34mINFO[m] commons-io-2.4.jar already exists in destination.
[[1;34mINFO[m] commons-logging-1.1.1.jar already exists in destination.
[[1;34mINFO[m] slf4j-api-1.4.3.jar already exists in destination.
[[1;34mINFO[m] metrics-core-2.1.2.jar already exists in destination.
[[1;34mINFO[m] slf4j-log4j12-1.4.3.jar already exists in destination.
[[1;34mINFO[m] hsqldb-1.8.0.10.jar already exists in destination.
[[1;34mINFO[m] spring-aop-3.0.5.RELEASE.jar already exists in destination.
[[1;34mINFO[m] xmlenc-0.52.jar already exists in destination.
[[1;34mINFO[m] zookeeper-3.4.5.jar already exists in destination.
[[1;34mINFO[m] mockito-all-1.9.0.jar already exists in destination.
[[1;34mINFO[m] protobuf-rpc-pro-duplex-2.0.1.jar already exists in destination.
[[1;34mINFO[m] jasper-runtime-5.5.23.jar already exists in destination.
[[1;34mINFO[m] httpclient-4.1.2.jar already exists in destination.
[[1;34mINFO[m] junit-4.10.jar already exists in destination.
[[1;34mINFO[m] jaxb-api-2.1.jar already exists in destination.
[[1;34mINFO[m] protobuf-rpc-pro-demo-2.0.1.jar already exists in destination.
[[1;34mINFO[m] htrace-1.49.jar already exists in destination.
[[1;34mINFO[m] snappy-java-1.0.3.2.jar already exists in destination.
[[1;34mINFO[m] jamon-runtime-2.3.1.jar already exists in destination.
[[1;34mINFO[m] libthrift-0.8.0.jar already exists in destination.
[[1;34mINFO[m] commons-math-2.1.jar already exists in destination.
[[1;34mINFO[m] jackson-xc-1.8.8.jar already exists in destination.
[[1;34mINFO[m] jsr305-1.3.9.jar already exists in destination.
[[1;34mINFO[m] commons-configuration-1.6.jar already exists in destination.
[[1;34mINFO[m] commons-digester-1.8.jar already exists in destination.
[[1;34mINFO[m] avro-ipc-1.5.3.jar already exists in destination.
[[1;34mINFO[m] protobuf-java-2.4.1.jar already exists in destination.
[[1;34mINFO[m] jersey-core-1.8.jar already exists in destination.
[[1;34mINFO[m] commons-beanutils-1.7.0.jar already exists in destination.
[[1;34mINFO[m] druid-0.2.9.jar already exists in destination.
[[1;34mINFO[m] commons-httpclient-3.0.1.jar already exists in destination.
[[1;34mINFO[m] kfs-0.3.jar already exists in destination.
[[1;34mINFO[m] commons-collections-3.2.1.jar already exists in destination.
[[1;34mINFO[m] netty-3.2.4.Final.jar already exists in destination.
[[1;34mINFO[m] commons-codec-1.7.jar already exists in destination.
[[1;34mINFO[m] spring-core-3.0.5.RELEASE.jar already exists in destination.
[[1;34mINFO[m] commons-lang-2.6.jar already exists in destination.
[[1;34mINFO[m] protobuf-streamer-pro-1.2.3.jar already exists in destination.
[[1;34mINFO[m] activation-1.1.jar already exists in destination.
[[1;34mINFO[m] hadoop-core-1.0.4.jar already exists in destination.
[[1;34mINFO[m] asm-3.1.jar already exists in destination.
[[1;34mINFO[m] commons-cli-1.2.jar already exists in destination.
[[1;34mINFO[m] commons-beanutils-core-1.8.0.jar already exists in destination.
[[1;34mINFO[m] jersey-server-1.8.jar already exists in destination.
[[1;34mINFO[m] jetty-6.1.26.jar already exists in destination.
[[1;34mINFO[m] servlet-api-2.5-6.1.14.jar already exists in destination.
[[1;34mINFO[m] spring-context-3.0.5.RELEASE.jar already exists in destination.
[[1;34mINFO[m] jersey-json-1.8.jar already exists in destination.
[[1;34mINFO[m] oro-2.0.8.jar already exists in destination.
[[1;34mINFO[m] jackson-core-asl-1.8.8.jar already exists in destination.
[[1;34mINFO[m] guava-12.0.1.jar already exists in destination.
[[1;34mINFO[m] velocity-1.7.jar already exists in destination.
[[1;34mINFO[m] spring-asm-3.0.5.RELEASE.jar already exists in destination.
[[1;34mINFO[m] jsp-api-2.1-6.1.14.jar already exists in destination.
[[1;34mINFO[m] hamcrest-core-1.1.jar already exists in destination.
[[1;34mINFO[m] stax-api-1.0.1.jar already exists in destination.
[[1;34mINFO[m] 
[[1;34mINFO[m] [1m--- [0;32mmaven-install-plugin:2.4:install[m [1m(default-install)[m @ [36mwasp[0;1m ---[m
[[1;34mINFO[m] Installing /home/java8-flakesync/scripts/projects-For-Delta/alibaba/wasp/target/wasp-0.11.jar to /home/java8-flakesync/.m2/repository/com/alibaba/wasp/0.11/wasp-0.11.jar
[[1;34mINFO[m] Installing /home/java8-flakesync/scripts/projects-For-Delta/alibaba/wasp/pom.xml to /home/java8-flakesync/.m2/repository/com/alibaba/wasp/0.11/wasp-0.11.pom
[[1;34mINFO[m] Installing /home/java8-flakesync/scripts/projects-For-Delta/alibaba/wasp/target/wasp-0.11-tests.jar to /home/java8-flakesync/.m2/repository/com/alibaba/wasp/0.11/wasp-0.11-tests.jar
[[1;34mINFO[m] [1m------------------------------------------------------------------------[m
[[1;34mINFO[m] [1;32mBUILD SUCCESS[m
[[1;34mINFO[m] [1m------------------------------------------------------------------------[m
[[1;34mINFO[m] Total time:  5.408 s
[[1;34mINFO[m] Finished at: 2026-08-31T09:35:36Z
[[1;34mINFO[m] [1m------------------------------------------------------------------------[m
Seq size= 55 
STARTING ELEMENTS: 1 2 3 4 5 6 7 8 9 10 11 12 13 14 15 16 17 18 19 20 21 22 23 24 25 26 27 28 29 30 31 32 33 34 35 36 37 38 39 40 41 42 43 44 45 46 47 48 49 50 51 52 53 54 55
*********** len = 55
1  27
STARTING ELEMENTS: 28 29 30 31 32 33 34 35 36 37 38 39 40 41 42 43 44 45 46 47 48 49 50 51 52 53 54 55
*********** len = 28
1  14
STARTING ELEMENTS: 42 43 44 45 46 47 48 49 50 51 52 53 54 55
*********** len = 14
1  7
STARTING ELEMENTS: 49 50 51 52 53 54 55
*********** len = 7
1  3
STARTING ELEMENTS: 52 53 54 55
*********** len = 4
1  2
STARTING ELEMENTS: 54 55
*********** len = 2
1  1
STARTING ELEMENTS: 55
*********** len = 1
/home/java8-flakesync/scripts/Results-Minimizer/com.alibaba.wasp.executor.TestExecutorService#testExecutorService.csv
com.alibaba.wasp.executor.TestExecutorService#testExecutorService
****1
HI Results-Minimizer/com.alibaba.wasp.executor.TestExecutorService#testExecutorService_Actual_Location.csv
STAGE1_SECONDS=142.264
